Component: ARM Compiler 5.06 update 7 (build 960) Tool: armlink [4d3601]

==============================================================================

Section Cross References

    startup_stm32f103xb.o(STACK) refers (Special) to heapauxi.o(.text) for __use_two_region_memory
    startup_stm32f103xb.o(HEAP) refers (Special) to heapauxi.o(.text) for __use_two_region_memory
    startup_stm32f103xb.o(RESET) refers (Special) to heapauxi.o(.text) for __use_two_region_memory
    startup_stm32f103xb.o(RESET) refers to startup_stm32f103xb.o(STACK) for __initial_sp
    startup_stm32f103xb.o(RESET) refers to startup_stm32f103xb.o(.text) for Reset_Handler
    startup_stm32f103xb.o(RESET) refers to stm32f1xx_it.o(i.NMI_Handler) for NMI_Handler
    startup_stm32f103xb.o(RESET) refers to stm32f1xx_it.o(i.HardFault_Handler) for HardFault_Handler
    startup_stm32f103xb.o(RESET) refers to stm32f1xx_it.o(i.MemManage_Handler) for MemManage_Handler
    startup_stm32f103xb.o(RESET) refers to stm32f1xx_it.o(i.BusFault_Handler) for BusFault_Handler
    startup_stm32f103xb.o(RESET) refers to stm32f1xx_it.o(i.UsageFault_Handler) for UsageFault_Handler
    startup_stm32f103xb.o(RESET) refers to stm32f1xx_it.o(i.SVC_Handler) for SVC_Handler
    startup_stm32f103xb.o(RESET) refers to stm32f1xx_it.o(i.DebugMon_Handler) for DebugMon_Handler
    startup_stm32f103xb.o(RESET) refers to stm32f1xx_it.o(i.PendSV_Handler) for PendSV_Handler
    startup_stm32f103xb.o(RESET) refers to stm32f1xx_it.o(i.SysTick_Handler) for SysTick_Handler
    startup_stm32f103xb.o(RESET) refers to stm32f1xx_it.o(i.TIM2_IRQHandler) for TIM2_IRQHandler
    startup_stm32f103xb.o(RESET) refers to stm32f1xx_it.o(i.USART1_IRQHandler) for USART1_IRQHandler
    startup_stm32f103xb.o(.text) refers (Special) to heapauxi.o(.text) for __use_two_region_memory
    startup_stm32f103xb.o(.text) refers to system_stm32f1xx.o(i.SystemInit) for SystemInit
    startup_stm32f103xb.o(.text) refers to __main.o(!!!main) for __main
    startup_stm32f103xb.o(.text) refers to startup_stm32f103xb.o(HEAP) for Heap_Mem
    startup_stm32f103xb.o(.text) refers to startup_stm32f103xb.o(STACK) for Stack_Mem
    oled.o(i.I2C_Start) refers to stm32f1xx_hal_gpio.o(i.HAL_GPIO_WritePin) for HAL_GPIO_WritePin
    oled.o(i.I2C_Start) refers to oled.o(i.IIC_delay) for IIC_delay
    oled.o(i.I2C_Stop) refers to stm32f1xx_hal_gpio.o(i.HAL_GPIO_WritePin) for HAL_GPIO_WritePin
    oled.o(i.I2C_Stop) refers to oled.o(i.IIC_delay) for IIC_delay
    oled.o(i.I2C_WaitAck) refers to stm32f1xx_hal_gpio.o(i.HAL_GPIO_WritePin) for HAL_GPIO_WritePin
    oled.o(i.I2C_WaitAck) refers to oled.o(i.IIC_delay) for IIC_delay
    oled.o(i.OLED_Clear) refers to oled.o(i.OLED_Refresh) for OLED_Refresh
    oled.o(i.OLED_Clear) refers to oled.o(.bss) for .bss
    oled.o(i.OLED_ColorTurn) refers to oled.o(i.OLED_WR_Byte) for OLED_WR_Byte
    oled.o(i.OLED_DisPlay_Off) refers to oled.o(i.OLED_WR_Byte) for OLED_WR_Byte
    oled.o(i.OLED_DisPlay_On) refers to oled.o(i.OLED_WR_Byte) for OLED_WR_Byte
    oled.o(i.OLED_DisplayTurn) refers to oled.o(i.OLED_WR_Byte) for OLED_WR_Byte
    oled.o(i.OLED_DrawCircle) refers to oled.o(i.OLED_DrawPoint) for OLED_DrawPoint
    oled.o(i.OLED_DrawLine) refers to oled.o(i.OLED_DrawPoint) for OLED_DrawPoint
    oled.o(i.OLED_DrawPoint) refers to oled.o(.bss) for .bss
    oled.o(i.OLED_Init) refers to stm32f1xx_hal_gpio.o(i.HAL_GPIO_Init) for HAL_GPIO_Init
    oled.o(i.OLED_Init) refers to stm32f1xx_hal_gpio.o(i.HAL_GPIO_WritePin) for HAL_GPIO_WritePin
    oled.o(i.OLED_Init) refers to stm32f1xx_hal.o(i.HAL_Delay) for HAL_Delay
    oled.o(i.OLED_Init) refers to oled.o(i.OLED_WR_Byte) for OLED_WR_Byte
    oled.o(i.OLED_Init) refers to oled.o(i.OLED_Clear) for OLED_Clear
    oled.o(i.OLED_Refresh) refers to oled.o(i.OLED_WR_Byte) for OLED_WR_Byte
    oled.o(i.OLED_Refresh) refers to oled.o(i.I2C_Start) for I2C_Start
    oled.o(i.OLED_Refresh) refers to oled.o(i.Send_Byte) for Send_Byte
    oled.o(i.OLED_Refresh) refers to oled.o(i.I2C_WaitAck) for I2C_WaitAck
    oled.o(i.OLED_Refresh) refers to oled.o(i.I2C_Stop) for I2C_Stop
    oled.o(i.OLED_Refresh) refers to oled.o(.bss) for .bss
    oled.o(i.OLED_ScrollDisplay) refers to oled.o(i.OLED_ShowChinese) for OLED_ShowChinese
    oled.o(i.OLED_ScrollDisplay) refers to oled.o(i.OLED_Refresh) for OLED_Refresh
    oled.o(i.OLED_ScrollDisplay) refers to oled.o(.bss) for .bss
    oled.o(i.OLED_ShowChar) refers to oled.o(i.OLED_DrawPoint) for OLED_DrawPoint
    oled.o(i.OLED_ShowChar) refers to oled.o(.constdata) for .constdata
    oled.o(i.OLED_ShowChinese) refers to oled.o(i.OLED_DrawPoint) for OLED_DrawPoint
    oled.o(i.OLED_ShowChinese) refers to oled.o(.constdata) for .constdata
    oled.o(i.OLED_ShowNum) refers to oled.o(i.OLED_Pow) for OLED_Pow
    oled.o(i.OLED_ShowNum) refers to oled.o(i.OLED_ShowChar) for OLED_ShowChar
    oled.o(i.OLED_ShowPicture) refers to oled.o(i.OLED_DrawPoint) for OLED_DrawPoint
[...]
    .bss                                     0x20003dac   Section       44  localtime.o(.bss)
    _tms                                     0x20003dac   Data          44  localtime.o(.bss)
    .bss                                     0x20003dd8   Section       96  libspace.o(.bss)
    HEAP                                     0x20003e38   Section      512  startup_stm32f103xb.o(HEAP)
    Heap_Mem                                 0x20003e38   Data         512  startup_stm32f103xb.o(HEAP)
    STACK                                    0x20004038   Section     1024  startup_stm32f103xb.o(STACK)
    Stack_Mem                                0x20004038   Data        1024  startup_stm32f103xb.o(STACK)
    __initial_sp                             0x20004438   Data           0  startup_stm32f103xb.o(STACK)

    Global Symbols

    Symbol Name                              Value     Ov Type        Size  Object(Section)

    BuildAttributes$$THM_ISAv4$P$D$K$B$S$PE$A:L22UL41UL21$X:L11$S22US41US21$IEEE1$IW$USESV6$~STKCKD$USESV7$~SHL$OSPACE$ROPI$EBA8$UX$STANDARDLIB$REQ8$PRES8$EABIv2 0x00000000   Number         0  anon$$obj.o ABSOLUTE
    __ARM_use_no_argv                        0x00000000   Number         0  main.o ABSOLUTE
    _printf_flags                            0x00000000   Number         0  printf_stubs.o ABSOLUTE
    _printf_return_value                     0x00000000   Number         0  printf_stubs.o ABSOLUTE
    _printf_sizespec                         0x00000000   Number         0  printf_stubs.o ABSOLUTE
    _printf_widthprec                        0x00000000   Number         0  printf_stubs.o ABSOLUTE
    __ARM_exceptions_init                     - Undefined Weak Reference
    __alloca_initialize                       - Undefined Weak Reference
    __arm_fini_                               - Undefined Weak Reference
    __arm_preinit_                            - Undefined Weak Reference
    __cpp_initialize__aeabi_                  - Undefined Weak Reference
    __cxa_finalize                            - Undefined Weak Reference
    __sigvec_lookup                           - Undefined Weak Reference
    _atexit_init                              - Undefined Weak Reference
    _call_atexit_fns                          - Undefined Weak Reference
    _clock_init                               - Undefined Weak Reference
    _fp_trap_init                             - Undefined Weak Reference
    _fp_trap_shutdown                         - Undefined Weak Reference
    _get_lc_collate                           - Undefined Weak Reference
    _get_lc_monetary                          - Undefined Weak Reference
    _get_lc_numeric                           - Undefined Weak Reference
    _get_lc_time                              - Undefined Weak Reference
    _getenv_init                              - Undefined Weak Reference
    _handle_redirection                       - Undefined Weak Reference
    _init_alloc                               - Undefined Weak Reference
    _init_user_alloc                          - Undefined Weak Reference
    _initio                                   - Undefined Weak Reference
    _printf_truncate_signed                   - Undefined Weak Reference
    _printf_truncate_unsigned                 - Undefined Weak Reference
    _scanf_longlong                           - Undefined Weak Reference
    _scanf_mbtowc                             - Undefined Weak Reference
    _scanf_real                               - Undefined Weak Reference
    _scanf_string                             - Undefined Weak Reference
    _scanf_wctomb                             - Undefined Weak Reference
    _scanf_wstring                            - Undefined Weak Reference
    _signal_finish                            - Undefined Weak Reference
    _signal_init                              - Undefined Weak Reference
    _terminate_alloc                          - Undefined Weak Reference
    _terminate_user_alloc                     - Undefined Weak Reference
    _terminateio                              - Undefined Weak Reference
    __Vectors_Size                           0x000000ec   Number         0  startup_stm32f103xb.o ABSOLUTE
    __Vectors                                0x08000000   Data           4  startup_stm32f103xb.o(RESET)
    __Vectors_End                            0x080000ec   Data           0  startup_stm32f103xb.o(RESET)
    __main                                   0x080000ed   Thumb Code     8  __main.o(!!!main)
    __scatterload                            0x080000f5   Thumb Code     0  __scatter.o(!!!scatter)
    __scatterload_rt2                        0x080000f5   Thumb Code    44  __scatter.o(!!!scatter)
    __scatterload_rt2_thumb_only             0x080000f5   Thumb Code     0  __scatter.o(!!!scatter)
    __scatterload_null                       0x08000103   Thumb Code     0  __scatter.o(!!!scatter)
    __decompress                             0x08000129   Thumb Code    90  __dczerorl2.o(!!dczerorl2)
    __decompress1                            0x08000129   Thumb Code     0  __dczerorl2.o(!!dczerorl2)
    __scatterload_zeroinit                   0x08000185   Thumb Code    28  __scatter_zi.o(!!handler_zi)
    _printf_d                                0x080001a1   Thumb Code     0  _printf_d.o(.ARM.Collect$$_printf_percent$$00000009)
    _printf_percent                          0x080001a1   Thumb Code     0  _printf_percent.o(.ARM.Collect$$_printf_percent$$00000000)
    _printf_percent_end                      0x080001a7   Thumb Code     0  _printf_percent_end.o(.ARM.Collect$$_printf_percent$$00000017)
    __rt_lib_init                            0x080001ab   Thumb Code     0  libinit.o(.ARM.Collect$$libinit$$00000000)
    __rt_lib_init_fp_1                       0x080001ad   Thumb Code     0  libinit2.o(.ARM.Collect$$libinit$$00000002)
    __rt_lib_init_heap_1                     0x080001ad   Thumb Code     0  libinit2.o(.ARM.Collect$$libinit$$0000000A)
    __rt_lib_init_preinit_1                  0x080001ad   Thumb Code     0  libinit2.o(.ARM.Collect$$libinit$$00000004)
    __rt_lib_init_rand_2                     0x080001ad   Thumb Code     0  libinit2.o(.ARM.Collect$$libinit$$0000000D)
    __rt_lib_init_user_alloc_1               0x080001ad   Thumb Code     0  libinit2.o(.ARM.Collect$$libinit$$0000000C)
    __rt_lib_init_lc_common                  0x080001b1   Thumb Code     0  libinit2.o(.ARM.Collect$$libinit$$0000000F)
    __rt_lib_init_rand_1                     0x080001b1   Thumb Code     0  libinit2.o(.ARM.Collect$$libinit$$0000000E)
    __rt_lib_init_lc_collate_1               0x080001b7   Thumb Code     0  libinit2.o(.ARM.Collect$$libinit$$00000011)
    __rt_lib_init_lc_ctype_2                 0x080001b7   Thumb Code     0  libinit2.o(.ARM.Collect$$libinit$$00000012)
    __rt_lib_init_alloca_1                   0x080001c3   Thumb Code     0  libinit2.o(.ARM.Collect$$libinit$$0000002E)
    __rt_lib_init_argv_1                     0x080001c3   Thumb Code     0  libinit2.o(.ARM.Collect$$libinit$$0000002C)
    __rt_lib_init_atexit_1                   0x080001c3   Thumb Code     0  libinit2.o(.ARM.Collect$$libinit$$0000001B)
    __rt_lib_init_clock_1                    0x080001c3   Thumb Code     0  libinit2.o(.ARM.Collect$$libinit$$00000021)
    __rt_lib_init_cpp_1                      0x080001c3   Thumb Code     0  libinit2.o(.ARM.Collect$$libinit$$00000032)
    __rt_lib_init_exceptions_1               0x080001c3   Thumb Code     0  libinit2.o(.ARM.Collect$$libinit$$00000030)
    __rt_lib_init_fp_trap_1                  0x080001c3   Thumb Code     0  libinit2.o(.ARM.Collect$$libinit$$0000001F)
    __rt_lib_init_getenv_1                   0x080001c3   Thumb Code     0  libinit2.o(.ARM.Collect$$libinit$$00000023)
    __rt_lib_init_lc_ctype_1                 0x080001c3   Thumb Code     0  libinit2.o(.ARM.Collect$$libinit$$00000013)
    __rt_lib_init_lc_monetary_1              0x080001c3   Thumb Code     0  libinit2.o(.ARM.Collect$$libinit$$00000015)
    __rt_lib_init_lc_numeric_1               0x080001c3   Thumb Code     0  libinit2.o(.ARM.Collect$$libinit$$00000017)
    __rt_lib_init_lc_time_1                  0x080001c3   Thumb Code     0  libinit2.o(.ARM.Collect$$libinit$$00000019)
    __rt_lib_init_return                     0x080001c3   Thumb Code     0  libinit2.o(.ARM.Collect$$libinit$$00000033)
    __rt_lib_init_signal_1                   0x080001c3   Thumb Code     0  libinit2.o(.ARM.Collect$$libinit$$0000001D)
    __rt_lib_init_stdio_1                    0x080001c3   Thumb Code     0  libinit2.o(.ARM.Collect$$libinit$$00000025)
    __rt_lib_shutdown                        0x080001c5   Thumb Code     0  libshutdown.o(.ARM.Collect$$libshutdown$$00000000)
    __rt_lib_shutdown_cpp_1                  0x080001c7   Thumb Code     0  libshutdown2.o(.ARM.Collect$$libshutdown$$00000004)
    __rt_lib_shutdown_fini_1                 0x080001c7   Thumb Code     0  libshutdown2.o(.ARM.Collect$$libshutdown$$00000002)
    __rt_lib_shutdown_fp_trap_1              0x080001c7   Thumb Code     0  libshutdown2.o(.ARM.Collect$$libshutdown$$00000009)
    __rt_lib_shutdown_heap_1                 0x080001c7   Thumb Code     0  libshutdown2.o(.ARM.Collect$$libshutdown$$00000011)
    __rt_lib_shutdown_return                 0x080001c7   Thumb Code     0  libshutdown2.o(.ARM.Collect$$libshutdown$$00000012)
    __rt_lib_shutdown_signal_1               0x080001c7   Thumb Code     0  libshutdown2.o(.ARM.Collect$$libshutdown$$0000000C)
    __rt_lib_shutdown_stdio_1                0x080001c7   Thumb Code     0  libshutdown2.o(.ARM.Collect$$libshutdown$$00000006)
    __rt_lib_shutdown_user_alloc_1           0x080001c7   Thumb Code     0  libshutdown2.o(.ARM.Collect$$libshutdown$$0000000E)
    __rt_entry                               0x080001c9   Thumb Code     0  __rtentry.o(.ARM.Collect$$rtentry$$00000000)
    __rt_entry_presh_1                       0x080001c9   Thumb Code     0  __rtentry2.o(.ARM.Collect$$rtentry$$00000002)
    __rt_entry_sh                            0x080001c9   Thumb Code     0  __rtentry4.o(.ARM.Collect$$rtentry$$00000004)
    __rt_entry_li                            0x080001cf   Thumb Code     0  __rtentry2.o(.ARM.Collect$$rtentry$$0000000A)
    __rt_entry_postsh_1                      0x080001cf   Thumb Code     0  __rtentry2.o(.ARM.Collect$$rtentry$$00000009)
    __rt_entry_main                          0x080001d3   Thumb Code     0  __rtentry2.o(.ARM.Collect$$rtentry$$0000000D)
    __rt_entry_postli_1                      0x080001d3   Thumb Code     0  __rtentry2.o(.ARM.Collect$$rtentry$$0000000C)
    __rt_exit                                0x080001db   Thumb Code     0  rtexit.o(.ARM.Collect$$rtexit$$00000000)
    __rt_exit_ls                             0x080001dd   Thumb Code     0  rtexit2.o(.ARM.Collect$$rtexit$$00000003)
    __rt_exit_prels_1                        0x080001dd   Thumb Code     0  rtexit2.o(.ARM.Collect$$rtexit$$00000002)
    __rt_exit_exit                           0x080001e1   Thumb Code     0  rtexit2.o(.ARM.Collect$$rtexit$$00000004)
    rand                                     0x080001e9   Thumb Code    48  rand.o(.emb_text)
    Reset_Handler                            0x0800021d   Thumb Code     8  startup_stm32f103xb.o(.text)
    ADC1_2_IRQHandler                        0x08000237   Thumb Code     0  startup_stm32f103xb.o(.text)
    CAN1_RX1_IRQHandler                      0x08000237   Thumb Code     0  startup_stm32f103xb.o(.text)
    CAN1_SCE_IRQHandler                      0x08000237   Thumb Code     0  startup_stm32f103xb.o(.text)
    DMA1_Channel1_IRQHandler                 0x08000237   Thumb Code     0  startup_stm32f103xb.o(.text)
    DMA1_Channel2_IRQHandler                 0x08000237   Thumb Code     0  startup_stm32f103xb.o(.text)
    DMA1_Channel3_IRQHandler                 0x08000237   Thumb Code     0  startup_stm32f103xb.o(.text)
    DMA1_Channel4_IRQHandler                 0x08000237   Thumb Code     0  startup_stm32f103xb.o(.text)
    DMA1_Channel5_IRQHandler                 0x08000237   Thumb Code     0  startup_stm32f103xb.o(.text)
    DMA1_Channel6_IRQHandler                 0x08000237   Thumb Code     0  startup_stm32f103xb.o(.text)
    DMA1_Channel7_IRQHandler                 0x08000237   Thumb Code     0  startup_stm32f103xb.o(.text)
    EXTI0_IRQHandler                         0x08000237   Thumb Code     0  startup_stm32f103xb.o(.text)
    EXTI15_10_IRQHandler                     0x08000237   Thumb Code     0  startup_stm32f103xb.o(.text)
    EXTI1_IRQHandler                         0x08000237   Thumb Code     0  startup_stm32f103xb.o(.text)
    EXTI2_IRQHandler                         0x08000237   Thumb Code     0  startup_stm32f103xb.o(.text)
    EXTI3_IRQHandler                         0x08000237   Thumb Code     0  startup_stm32f103xb.o(.text)
    EXTI4_IRQHandler                         0x08000237   Thumb Code     0  startup_stm32f103xb.o(.text)
    EXTI9_5_IRQHandler                       0x08000237   Thumb Code     0  startup_stm32f103xb.o(.text)
    FLASH_IRQHandler                         0x08000237   Thumb Code     0  startup_stm32f103xb.o(.text)
    I2C1_ER_IRQHandler                       0x08000237   Thumb Code     0  startup_stm32f103xb.o(.text)
    I2C1_EV_IRQHandler                       0x08000237   Thumb Code     0  startup_stm32f103xb.o(.text)
    I2C2_ER_IRQHandler                       0x08000237   Thumb Code     0  startup_stm32f103xb.o(.text)
    I2C2_EV_IRQHandler                       0x08000237   Thumb Code     0  startup_stm32f103xb.o(.text)
    PVD_IRQHandler                           0x08000237   Thumb Code     0  startup_stm32f103xb.o(.text)
    RCC_IRQHandler                           0x08000237   Thumb Code     0  startup_stm32f103xb.o(.text)
    RTC_Alarm_IRQHandler                     0x08000237   Thumb Code     0  startup_stm32f103xb.o(.text)
    RTC_IRQHandler                           0x08000237   Thumb Code     0  startup_stm32f103xb.o(.text)
    SPI1_IRQHandler                          0x08000237   Thumb Code     0  startup_stm32f103xb.o(.text)
    SPI2_IRQHandler                          0x08000237   Thumb Code     0  startup_stm32f103xb.o(.text)
    TAMPER_IRQHandler                        0x08000237   Thumb Code     0  startup_stm32f103xb.o(.text)
    TIM1_BRK_IRQHandler                      0x08000237   Thumb Code     0  startup_stm32f103xb.o(.text)
    TIM1_CC_IRQHandler                       0x08000237   Thumb Code     0  startup_stm32f103xb.o(.text)
    TIM1_TRG_COM_IRQHandler                  0x08000237   Thumb Code     0  startup_stm32f103xb.o(.text)
    TIM1_UP_IRQHandler                       0x08000237   Thumb Code     0  startup_stm32f103xb.o(.text)
    TIM3_IRQHandler                          0x08000237   Thumb Code     0  startup_stm32f103xb.o(.text)
    TIM4_IRQHandler                          0x08000237   Thumb Code     0  startup_stm32f103xb.o(.text)
    USART2_IRQHandler                        0x08000237   Thumb Code     0  startup_stm32f103xb.o(.text)
    USART3_IRQHandler                        0x08000237   Thumb Code     0  startup_stm32f103xb.o(.text)
    USBWakeUp_IRQHandler                     0x08000237   Thumb Code     0  startup_stm32f103xb.o(.text)
    USB_HP_CAN1_TX_IRQHandler                0x08000237   Thumb Code     0  startup_stm32f103xb.o(.text)
    USB_LP_CAN1_RX0_IRQHandler               0x08000237   Thumb Code     0  startup_stm32f103xb.o(.text)
    WWDG_IRQHandler                          0x08000237   Thumb Code     0  startup_stm32f103xb.o(.text)
    __user_initial_stackheap                 0x08000239   Thumb Code     0  startup_stm32f103xb.o(.text)
    __2sprintf                               0x0800025d   Thumb Code    34  noretval__2sprintf.o(.text)
    _printf_pre_padding                      0x08000285   Thumb Code    44  _printf_pad.o(.text)
    _printf_post_padding                     0x080002b1   Thumb Code    34  _printf_pad.o(.text)
    _printf_int_dec                          0x080002d5   Thumb Code   104  _printf_dec.o(.text)
    __printf                                 0x0800034d   Thumb Code   308  __printf_flags_wp.o(.text)
    __0sscanf                                0x08000485   Thumb Code    52  __0sscanf.o(.text)
    _scanf_int                               0x080004c1   Thumb Code   332  _scanf_int.o(.text)
    srand                                    0x0800060d   Thumb Code    42  rand.o(.text)
    _rand_init                               0x08000637   Thumb Code     4  rand.o(.text)
    strstr                                   0x08000649   Thumb Code    36  strstr.o(.text)
    strlen                                   0x0800066d   Thumb Code    62  strlen.o(.text)
    __aeabi_memcpy4                          0x080006ab   Thumb Code     0  rt_memcpy_w.o(.text)
    __aeabi_memcpy8                          0x080006ab   Thumb Code     0  rt_memcpy_w.o(.text)
    __rt_memcpy_w                            0x080006ab   Thumb Code   100  rt_memcpy_w.o(.text)
    _memcpy_lastbytes_aligned                0x080006f3   Thumb Code     0  rt_memcpy_w.o(.text)
    __aeabi_memclr                           0x0800070f   Thumb Code     0  rt_memclr.o(.text)
    __rt_memclr                              0x0800070f   Thumb Code    68  rt_memclr.o(.text)
    _memset                                  0x08000713   Thumb Code     0  rt_memclr.o(.text)
    __aeabi_memclr4                          0x08000753   Thumb Code     0  rt_memclr_w.o(.text)
    __aeabi_memclr8                          0x08000753   Thumb Code     0  rt_memclr_w.o(.text)
    __rt_memclr_w                            0x08000753   Thumb Code    78  rt_memclr_w.o(.text)
    _memset_w                                0x08000757   Thumb Code     0  rt_memclr_w.o(.text)
    localtime                                0x080007a1   Thumb Code     6  localtime.o(.text)
    mktime                                   0x080007eb   Thumb Code   356  mktime.o(.text)
    __use_two_region_memory                  0x08000959   Thumb Code     2  heapauxi.o(.text)
    __rt_heap_escrow$2region                 0x0800095b   Thumb Code     2  heapauxi.o(.text)
    __rt_heap_expand$2region                 0x0800095d   Thumb Code     2  heapauxi.o(.text)
    _printf_int_common                       0x0800095f   Thumb Code   178  _printf_intcommon.o(.text)
    _printf_char_common                      0x08000a1b   Thumb Code    32  _printf_char_common.o(.text)
    _sputc                                   0x08000a41   Thumb Code    10  _sputc.o(.text)
    _chval                                   0x08000a4b   Thumb Code    28  _chval.o(.text)
    __vfscanf_char                           0x08000a75   Thumb Code    24  scanf_char.o(.text)
    _sgetc                                   0x08000a95   Thumb Code    30  _sgetc.o(.text)
    _sbackspace                              0x08000ab3   Thumb Code    34  _sgetc.o(.text)
    _localtime_r                             0x08000ad5   Thumb Code   178  localtime_internal.o(.text)
    _n$localtime_r                           0x08000ad5   Thumb Code     0  localtime_internal.o(.text)
    isspace                                  0x08000b8d   Thumb Code    18  isspace.o(.text)
    __vfscanf                                0x08000ba1   Thumb Code   880  _scanf.o(.text)
    __user_setup_stackheap                   0x08000f15   Thumb Code    74  sys_stackheap_outer.o(.text)
    __rt_ctype_table                         0x08000f61   Thumb Code    16  rt_ctype_table.o(.text)
    exit                                     0x08000f71   Thumb Code    18  exit.o(.text)
    __user_libspace                          0x08000f85   Thumb Code     8  libspace.o(.text)
    __user_perproc_libspace                  0x08000f85   Thumb Code     0  libspace.o(.text)
    __user_perthread_libspace                0x08000f85   Thumb Code     0  libspace.o(.text)
    __rt_locale                              0x08000f8d   Thumb Code     8  rt_locale_intlibspace.o(.text)
    __I$use$semihosting                      0x08000f95   Thumb Code     0  use_no_semi.o(.text)
    __use_no_semihosting_swi                 0x08000f95   Thumb Code     2  use_no_semi.o(.text)
    __semihosting_library_function           0x08000f97   Thumb Code     0  indicate_semi.o(.text)
    strcmp                                   0x08000f99   Thumb Code   128  strcmpv7m.o(.text)
    _sys_exit                                0x08001019   Thumb Code     8  sys_exit.o(.text)
    ADC_ConversionStop_Disable               0x08001025   Thumb Code    86  stm32f1xx_hal_adc.o(i.ADC_ConversionStop_Disable)
    ADC_Enable                               0x0800107d   Thumb Code   114  stm32f1xx_hal_adc.o(i.ADC_Enable)
    BusFault_Handler                         0x080010f9   Thumb Code     2  stm32f1xx_it.o(i.BusFault_Handler)
    Button_LongPress                         0x080010fb   Thumb Code    38  maintask.o(i.Button_LongPress)
    Button_ShortPress                        0x08001121   Thumb Code    36  maintask.o(i.Button_ShortPress)
    CheckCollision                           0x08001145   Thumb Code    64  flappy_bird.o(i.CheckCollision)
    DHT_GPIO_SET_INPUT                       0x0800118d   Thumb Code    28  dht11.o(i.DHT_GPIO_SET_INPUT)
    DHT_GPIO_SET_OUTPUT                      0x080011ad   Thumb Code    30  dht11.o(i.DHT_GPIO_SET_OUTPUT)
    DHT_Read                                 0x080011d1   Thumb Code   182  dht11.o(i.DHT_Read)
    DHT_Read_Byte                            0x08001291   Thumb Code   124  dht11.o(i.DHT_Read_Byte)
    DebugMon_Handler                         0x08001311   Thumb Code     2  stm32f1xx_it.o(i.DebugMon_Handler)
    Delay_us                                 0x08001313   Thumb Code    24  dht11.o(i.Delay_us)
    DisplayTime                              0x0800132d   Thumb Code    44  maintask.o(i.DisplayTime)
    DisplayUpdate                            0x08001369   Thumb Code   130  flappy_bird.o(i.DisplayUpdate)
    Display_Temperature_Humidity             0x08001401   Thumb Code   100  maintask.o(i.Display_Temperature_Humidity)
    Error_Handler                            0x0800146d   Thumb Code     4  main.o(i.Error_Handler)
    Flappy_Bird_Game                         0x08001471   Thumb Code    52  flappy_bird.o(i.Flappy_Bird_Game)
    Flappy_Bird_Init                         0x080014a9   Thumb Code   100  flappy_bird.o(i.Flappy_Bird_Init)
    GameLoop                                 0x08001535   Thumb Code    42  flappy_bird.o(i.GameLoop)
    HAL_ADCEx_Calibration_Start              0x08001569   Thumb Code   210  stm32f1xx_hal_adc_ex.o(i.HAL_ADCEx_Calibration_Start)
    HAL_ADC_ConfigChannel                    0x08001641   Thumb Code   240  stm32f1xx_hal_adc.o(i.HAL_ADC_ConfigChannel)
    HAL_ADC_GetValue                         0x0800173d   Thumb Code     6  stm32f1xx_hal_adc.o(i.HAL_ADC_GetValue)
    HAL_ADC_Init                             0x08001745   Thumb Code   272  stm32f1xx_hal_adc.o(i.HAL_ADC_Init)
    HAL_ADC_MspInit                          0x08001861   Thumb Code   118  adc.o(i.HAL_ADC_MspInit)
    HAL_ADC_PollForConversion                0x080018e9   Thumb Code   304  stm32f1xx_hal_adc.o(i.HAL_ADC_PollForConversion)
    HAL_ADC_Start                            0x08001a25   Thumb Code   184  stm32f1xx_hal_adc.o(i.HAL_ADC_Start)
    HAL_DMA_Abort                            0x08001ae5   Thumb Code    70  stm32f1xx_hal_dma.o(i.HAL_DMA_Abort)
    HAL_DMA_Abort_IT                         0x08001b2d   Thumb Code   148  stm32f1xx_hal_dma.o(i.HAL_DMA_Abort_IT)
    HAL_Delay                                0x08001bc5   Thumb Code    32  stm32f1xx_hal.o(i.HAL_Delay)
    HAL_GPIO_Init                            0x08001be9   Thumb Code   446  stm32f1xx_hal_gpio.o(i.HAL_GPIO_Init)
    HAL_GPIO_ReadPin                         0x08001dc9   Thumb Code    10  stm32f1xx_hal_gpio.o(i.HAL_GPIO_ReadPin)
    HAL_GPIO_WritePin                        0x08001dd3   Thumb Code    10  stm32f1xx_hal_gpio.o(i.HAL_GPIO_WritePin)
    HAL_GetTick                              0x08001ddd   Thumb Code     6  stm32f1xx_hal.o(i.HAL_GetTick)
    HAL_I2C_Init                             0x08001de9   Thumb Code   376  stm32f1xx_hal_i2c.o(i.HAL_I2C_Init)
    HAL_I2C_MspInit                          0x08001f71   Thumb Code    80  i2c.o(i.HAL_I2C_MspInit)
    HAL_IncTick                              0x08001fcd   Thumb Code    12  stm32f1xx_hal.o(i.HAL_IncTick)
    HAL_Init                                 0x08001fdd   Thumb Code    32  stm32f1xx_hal.o(i.HAL_Init)
    HAL_InitTick                             0x08002001   Thumb Code    54  stm32f1xx_hal.o(i.HAL_InitTick)
    HAL_MspInit                              0x08002041   Thumb Code    52  stm32f1xx_hal_msp.o(i.HAL_MspInit)
    HAL_NVIC_EnableIRQ                       0x0800207d   Thumb Code    26  stm32f1xx_hal_cortex.o(i.HAL_NVIC_EnableIRQ)
    HAL_NVIC_SetPriority                     0x08002099   Thumb Code    60  stm32f1xx_hal_cortex.o(i.HAL_NVIC_SetPriority)
    HAL_NVIC_SetPriorityGrouping             0x080020d9   Thumb Code    26  stm32f1xx_hal_cortex.o(i.HAL_NVIC_SetPriorityGrouping)
    HAL_PWR_EnableBkUpAccess                 0x080020fd   Thumb Code     8  stm32f1xx_hal_pwr.o(i.HAL_PWR_EnableBkUpAccess)
    HAL_RCCEx_GetPeriphCLKFreq               0x08002109   Thumb Code   148  stm32f1xx_hal_rcc_ex.o(i.HAL_RCCEx_GetPeriphCLKFreq)
    HAL_RCCEx_PeriphCLKConfig                0x080021ad   Thumb Code   224  stm32f1xx_hal_rcc_ex.o(i.HAL_RCCEx_PeriphCLKConfig)
    HAL_RCC_ClockConfig                      0x08002299   Thumb Code   280  stm32f1xx_hal_rcc.o(i.HAL_RCC_ClockConfig)
    HAL_RCC_GetPCLK1Freq                     0x080023c5   Thumb Code    20  stm32f1xx_hal_rcc.o(i.HAL_RCC_GetPCLK1Freq)
    HAL_RCC_GetPCLK2Freq                     0x080023e5   Thumb Code    20  stm32f1xx_hal_rcc.o(i.HAL_RCC_GetPCLK2Freq)
    HAL_RCC_GetSysClockFreq                  0x08002405   Thumb Code    58  stm32f1xx_hal_rcc.o(i.HAL_RCC_GetSysClockFreq)
    HAL_RCC_OscConfig                        0x08002451   Thumb Code   778  stm32f1xx_hal_rcc.o(i.HAL_RCC_OscConfig)
    HAL_RTCEx_BKUPRead                       0x08002771   Thumb Code    10  stm32f1xx_hal_rtc_ex.o(i.HAL_RTCEx_BKUPRead)
    HAL_RTCEx_BKUPWrite                      0x08002781   Thumb Code    12  stm32f1xx_hal_rtc_ex.o(i.HAL_RTCEx_BKUPWrite)
    HAL_RTC_Init                             0x08002791   Thumb Code   144  stm32f1xx_hal_rtc.o(i.HAL_RTC_Init)
    HAL_RTC_MspInit                          0x08002825   Thumb Code    40  rtc.o(i.HAL_RTC_MspInit)
    HAL_RTC_WaitForSynchro                   0x08002859   Thumb Code    58  stm32f1xx_hal_rtc.o(i.HAL_RTC_WaitForSynchro)
    HAL_SYSTICK_Config                       0x08002893   Thumb Code    40  stm32f1xx_hal_cortex.o(i.HAL_SYSTICK_Config)
    HAL_TIMEx_BreakCallback                  0x080028bb   Thumb Code     2  stm32f1xx_hal_tim_ex.o(i.HAL_TIMEx_BreakCallback)
    HAL_TIMEx_CommutCallback                 0x080028bd   Thumb Code     2  stm32f1xx_hal_tim_ex.o(i.HAL_TIMEx_CommutCallback)
    HAL_TIMEx_MasterConfigSynchronization    0x080028c1   Thumb Code    92  stm32f1xx_hal_tim_ex.o(i.HAL_TIMEx_MasterConfigSynchronization)
    HAL_TIM_Base_Init                        0x08002929   Thumb Code    90  stm32f1xx_hal_tim.o(i.HAL_TIM_Base_Init)
    HAL_TIM_Base_MspInit                     0x08002985   Thumb Code    94  tim.o(i.HAL_TIM_Base_MspInit)
    HAL_TIM_Base_Start_IT                    0x080029f1   Thumb Code    76  stm32f1xx_hal_tim.o(i.HAL_TIM_Base_Start_IT)
    HAL_TIM_ConfigClockSource                0x08002a49   Thumb Code   220  stm32f1xx_hal_tim.o(i.HAL_TIM_ConfigClockSource)
    HAL_TIM_IC_CaptureCallback               0x08002b25   Thumb Code     2  stm32f1xx_hal_tim.o(i.HAL_TIM_IC_CaptureCallback)
    HAL_TIM_IRQHandler                       0x08002b27   Thumb Code   304  stm32f1xx_hal_tim.o(i.HAL_TIM_IRQHandler)
    HAL_TIM_MspPostInit                      0x08002c59   Thumb Code   122  tim.o(i.HAL_TIM_MspPostInit)
    HAL_TIM_OC_DelayElapsedCallback          0x08002ce9   Thumb Code     2  stm32f1xx_hal_tim.o(i.HAL_TIM_OC_DelayElapsedCallback)
    HAL_TIM_PWM_ConfigChannel                0x08002ceb   Thumb Code   204  stm32f1xx_hal_tim.o(i.HAL_TIM_PWM_ConfigChannel)
    HAL_TIM_PWM_Init                         0x08002db7   Thumb Code    90  stm32f1xx_hal_tim.o(i.HAL_TIM_PWM_Init)
    HAL_TIM_PWM_MspInit                      0x08002e11   Thumb Code     2  stm32f1xx_hal_tim.o(i.HAL_TIM_PWM_MspInit)
    HAL_TIM_PWM_PulseFinishedCallback        0x08002e13   Thumb Code     2  stm32f1xx_hal_tim.o(i.HAL_TIM_PWM_PulseFinishedCallback)
    HAL_TIM_PWM_Start                        0x08002e15   Thumb Code   144  stm32f1xx_hal_tim.o(i.HAL_TIM_PWM_Start)
    HAL_TIM_PWM_Stop                         0x08002eb1   Thumb Code   108  stm32f1xx_hal_tim.o(i.HAL_TIM_PWM_Stop)
    HAL_TIM_PeriodElapsedCallback            0x08002f21   Thumb Code    24  maintask.o(i.HAL_TIM_PeriodElapsedCallback)
    HAL_TIM_TriggerCallback                  0x08002f3d   Thumb Code     2  stm32f1xx_hal_tim.o(i.HAL_TIM_TriggerCallback)
    HAL_UARTEx_RxEventCallback               0x08002f3f   Thumb Code     2  stm32f1xx_hal_uart.o(i.HAL_UARTEx_RxEventCallback)
    HAL_UART_ErrorCallback                   0x08002f41   Thumb Code     2  stm32f1xx_hal_uart.o(i.HAL_UART_ErrorCallback)
    HAL_UART_GetState                        0x08002f43   Thumb Code    10  stm32f1xx_hal_uart.o(i.HAL_UART_GetState)
    HAL_UART_IRQHandler                      0x08002f4d   Thumb Code   616  stm32f1xx_hal_uart.o(i.HAL_UART_IRQHandler)
    HAL_UART_Init                            0x080031b9   Thumb Code   100  stm32f1xx_hal_uart.o(i.HAL_UART_Init)
    HAL_UART_MspInit                         0x0800321d   Thumb Code   116  usart.o(i.HAL_UART_MspInit)
    HAL_UART_Receive_IT                      0x0800329d   Thumb Code    28  stm32f1xx_hal_uart.o(i.HAL_UART_Receive_IT)
    HAL_UART_RxCpltCallback                  0x080032b9   Thumb Code   120  maintask.o(i.HAL_UART_RxCpltCallback)
    HAL_UART_Transmit                        0x0800333d   Thumb Code   160  stm32f1xx_hal_uart.o(i.HAL_UART_Transmit)
    HAL_UART_TxCpltCallback                  0x080033dd   Thumb Code     2  stm32f1xx_hal_uart.o(i.HAL_UART_TxCpltCallback)
    HardFault_Handler                        0x080033df   Thumb Code     2  stm32f1xx_it.o(i.HardFault_Handler)
    I2C_Start                                0x080033e1   Thumb Code    60  oled.o(i.I2C_Start)
    I2C_Stop                                 0x08003421   Thumb Code    42  oled.o(i.I2C_Stop)
    I2C_WaitAck                              0x08003451   Thumb Code    50  oled.o(i.I2C_WaitAck)
    IIC_delay                                0x08003489   Thumb Code    10  oled.o(i.IIC_delay)
    InitObstacles                            0x08003495   Thumb Code    56  flappy_bird.o(i.InitObstacles)
    MX_ADC1_Init                             0x080034d1   Thumb Code    70  adc.o(i.MX_ADC1_Init)
    MX_ADC2_Init                             0x08003521   Thumb Code    70  adc.o(i.MX_ADC2_Init)
    MX_GPIO_Init                             0x08003571   Thumb Code   152  gpio.o(i.MX_GPIO_Init)
    MX_I2C1_Init                             0x08003615   Thumb Code    50  i2c.o(i.MX_I2C1_Init)
    MX_RTC_Init                              0x08003655   Thumb Code    20  rtc.o(i.MX_RTC_Init)
    MX_TIM2_Init                             0x08003671   Thumb Code    96  tim.o(i.MX_TIM2_Init)
    MX_TIM3_Init                             0x080036d5   Thumb Code   176  tim.o(i.MX_TIM3_Init)
    MX_TIM4_Init                             0x0800378d   Thumb Code   142  tim.o(i.MX_TIM4_Init)
    MX_USART1_UART_Init                      0x08003825   Thumb Code    48  usart.o(i.MX_USART1_UART_Init)
    MY_RTC_GetTime                           0x0800385d   Thumb Code    44  my_rtc.o(i.MY_RTC_GetTime)
    MY_RTC_Init                              0x0800388d   Thumb Code    62  my_rtc.o(i.MY_RTC_Init)
    MY_RTC_SetTime                           0x080038d5   Thumb Code    18  my_rtc.o(i.MY_RTC_SetTime)
    MemManage_Handler                        0x080038ed   Thumb Code     2  stm32f1xx_it.o(i.MemManage_Handler)
    NMI_Handler                              0x080038ef   Thumb Code     2  stm32f1xx_it.o(i.NMI_Handler)
    OLED_Clear                               0x080038f1   Thumb Code    40  oled.o(i.OLED_Clear)
    OLED_DrawCircle                          0x0800391d   Thumb Code   196  oled.o(i.OLED_DrawCircle)
    OLED_DrawLine                            0x080039e1   Thumb Code   156  oled.o(i.OLED_DrawLine)
    OLED_DrawPoint                           0x08003a7d   Thumb Code    40  oled.o(i.OLED_DrawPoint)
    OLED_Init                                0x08003aa9   Thumb Code   310  oled.o(i.OLED_Init)
    OLED_Pow                                 0x08003be9   Thumb Code    16  oled.o(i.OLED_Pow)
    OLED_Refresh                             0x08003bf9   Thumb Code   100  oled.o(i.OLED_Refresh)
    OLED_ShowChar                            0x08003c61   Thumb Code   212  oled.o(i.OLED_ShowChar)
    OLED_ShowNum                             0x08003d45   Thumb Code   110  oled.o(i.OLED_ShowNum)
    OLED_ShowPicture                         0x08003db3   Thumb Code   156  oled.o(i.OLED_ShowPicture)
    OLED_ShowString                          0x08003e4f   Thumb Code    60  oled.o(i.OLED_ShowString)
    OLED_WR_Byte                             0x08003e8b   Thumb Code    54  oled.o(i.OLED_WR_Byte)
    PendSV_Handler                           0x08003ec1   Thumb Code     2  stm32f1xx_it.o(i.PendSV_Handler)
    ReadHighScore                            0x08003fa1   Thumb Code    26  flappy_bird.o(i.ReadHighScore)
    SVC_Handler                              0x08003fc1   Thumb Code     2  stm32f1xx_it.o(i.SVC_Handler)
    SaveHighScore                            0x08003fc5   Thumb Code    28  flappy_bird.o(i.SaveHighScore)
    Send_Byte                                0x08003fe5   Thumb Code    68  oled.o(i.Send_Byte)
    SysTick_Handler                          0x0800402d   Thumb Code     4  stm32f1xx_it.o(i.SysTick_Handler)
    SystemClock_Config                       0x08004031   Thumb Code   134  main.o(i.SystemClock_Config)
    SystemInit                               0x080040b7   Thumb Code     2  system_stm32f1xx.o(i.SystemInit)
    TIM2_IRQHandler                          0x080040b9   Thumb Code     6  stm32f1xx_it.o(i.TIM2_IRQHandler)
    TIM_Base_SetConfig                       0x080040c5   Thumb Code   108  stm32f1xx_hal_tim.o(i.TIM_Base_SetConfig)
    TIM_CCxChannelCmd                        0x0800413d   Thumb Code    26  stm32f1xx_hal_tim.o(i.TIM_CCxChannelCmd)
    TIM_ETR_SetConfig                        0x08004157   Thumb Code    20  stm32f1xx_hal_tim.o(i.TIM_ETR_SetConfig)
    TIM_OC2_SetConfig                        0x080041cd   Thumb Code    84  stm32f1xx_hal_tim.o(i.TIM_OC2_SetConfig)
    UART_Start_Receive_IT                    0x080044e1   Thumb Code    54  stm32f1xx_hal_uart.o(i.UART_Start_Receive_IT)
    USART1_IRQHandler                        0x08004589   Thumb Code     6  stm32f1xx_it.o(i.USART1_IRQHandler)
    UpdateObstacles                          0x08004595   Thumb Code   142  flappy_bird.o(i.UpdateObstacles)
    UpdateTime                               0x0800462d   Thumb Code    58  maintask.o(i.UpdateTime)
    UsageFault_Handler                       0x08004671   Thumb Code     2  stm32f1xx_it.o(i.UsageFault_Handler)
    _is_digit                                0x08004693   Thumb Code    14  __printf_wp.o(i._is_digit)
    beforeall                                0x080046a1   Thumb Code    70  maintask.o(i.beforeall)
    displayrtc                               0x080046f9   Thumb Code   154  maintask.o(i.displayrtc)
    entermode                                0x080047bd   Thumb Code    96  maintask.o(i.entermode)
    esp8266_send_cmd                         0x0800481d   Thumb Code    64  esp.o(i.esp8266_send_cmd)
    esp8266_start_trans                      0x08004865   Thumb Code   372  esp.o(i.esp8266_start_trans)
    fail                                     0x08004a49   Thumb Code   136  flappy_bird.o(i.fail)
    init                                     0x08004b09   Thumb Code    84  maintask.o(i.init)
    main                                     0x08004b75   Thumb Code   102  main.o(i.main)
    mode1                                    0x08004be5   Thumb Code   872  maintask.o(i.mode1)
    mode2                                    0x08005029   Thumb Code   358  maintask.o(i.mode2)
    mode3                                    0x08005205   Thumb Code   340  maintask.o(i.mode3)
    mode4                                    0x080053d1   Thumb Code   376  maintask.o(i.mode4)
    mode5                                    0x080055c1   Thumb Code   512  maintask.o(i.mode5)
    mode6                                    0x08005861   Thumb Code   270  maintask.o(i.mode6)
    mode7                                    0x080059e1   Thumb Code   274  maintask.o(i.mode7)
    mode8                                    0x08005b59   Thumb Code   316  maintask.o(i.mode8)
    mode8_pre                                0x08005d05   Thumb Code    20  maintask.o(i.mode8_pre)
    setdht                                   0x08005d1d   Thumb Code   396  maintask.o(i.setdht)
    setperiod                                0x08005f31   Thumb Code   666  maintask.o(i.setperiod)
    setpwm1                                  0x0800626d   Thumb Code   462  maintask.o(i.setpwm1)
    setrgb                                   0x080064d5   Thumb Code   928  maintask.o(i.setrgb)
    setrtc                                   0x08006925   Thumb Code   470  maintask.o(i.setrtc)
    setvlight                                0x08006b29   Thumb Code   502  maintask.o(i.setvlight)
    switchmode                               0x08006dc5   Thumb Code   496  maintask.o(i.switchmode)
    timer                                    0x0800701d   Thumb Code   170  maintask.o(i.timer)
    u2_printf                                0x080070d5   Thumb Code    74  esp.o(i.u2_printf)
    wifiswitch                               0x08007125   Thumb Code   610  maintask.o(i.wifiswitch)
    _get_lc_ctype                            0x08007409   Thumb Code    44  lc_ctype_c.o(locale$$code)
    __aeabi_d2f                              0x08007435   Thumb Code     0  d2f.o(x$fpl$d2f)
    _d2f                                     0x08007435   Thumb Code    98  d2f.o(x$fpl$d2f)
    __aeabi_dmul                             0x08007499   Thumb Code     0  dmul.o(x$fpl$dmul)
    _dmul                                    0x08007499   Thumb Code   332  dmul.o(x$fpl$dmul)
    __fpl_dnaninf                            0x080075ed   Thumb Code   156  dnaninf.o(x$fpl$dnaninf)
    __fpl_dretinf                            0x08007689   Thumb Code    12  dretinf.o(x$fpl$dretinf)
    __aeabi_f2d                              0x08007695   Thumb Code     0  f2d.o(x$fpl$f2d)
    _f2d                                     0x08007695   Thumb Code    86  f2d.o(x$fpl$f2d)
    __aeabi_fdiv                             0x080076ed   Thumb Code     0  fdiv.o(x$fpl$fdiv)
    _fdiv                                    0x080076ed   Thumb Code   384  fdiv.o(x$fpl$fdiv)
    __aeabi_f2iz                             0x08007871   Thumb Code     0  ffix.o(x$fpl$ffix)
    _ffix                                    0x08007871   Thumb Code    54  ffix.o(x$fpl$ffix)
    __aeabi_f2uiz                            0x080078a9   Thumb Code     0  ffixu.o(x$fpl$ffixu)
    _ffixu                                   0x080078a9   Thumb Code    62  ffixu.o(x$fpl$ffixu)
    __aeabi_ui2f                             0x080078e9   Thumb Code     0  fflt_clz.o(x$fpl$ffltu)
    _ffltu                                   0x080078e9   Thumb Code    38  fflt_clz.o(x$fpl$ffltu)
    __aeabi_fmul                             0x08007911   Thumb Code     0  fmul.o(x$fpl$fmul)
    _fmul                                    0x08007911   Thumb Code   258  fmul.o(x$fpl$fmul)
    __fpl_fnaninf                            0x08007a13   Thumb Code   140  fnaninf.o(x$fpl$fnaninf)
    __fpl_fretinf                            0x08007a9f   Thumb Code    10  fretinf.o(x$fpl$fretinf)
    __I$use$fp                               0x08007aa8   Number         0  usenofp.o(x$fpl$usenofp)
    asc2_0806                                0x08007aa8   Data         552  oled.o(.constdata)
    asc2_1206                                0x08007cd0   Data        1140  oled.o(.constdata)
    asc2_1608                                0x08008144   Data        1520  oled.o(.constdata)
    asc2_2412                                0x08008734   Data        3420  oled.o(.constdata)
    Hzk1                                     0x08009490   Data         352  oled.o(.constdata)
    Hzk2                                     0x080095f0   Data          72  oled.o(.constdata)
    Hzk3                                     0x08009638   Data         128  oled.o(.constdata)
    Hzk4                                     0x080096b8   Data         512  oled.o(.constdata)
    AHBPrescTable                            0x08009908   Data          16  system_stm32f1xx.o(.constdata)
    APBPrescTable                            0x08009918   Data           8  system_stm32f1xx.o(.constdata)
    _monlen                                  0x08009931   Data          12  _monlen.o(.constdata)
    Region$$Table$$Base                      0x08009940   Number         0  anon$$obj.o(Region$$Table)
    Region$$Table$$Limit                     0x08009960   Number         0  anon$$obj.o(Region$$Table)
    __ctype                                  0x0800996d   Data           0  lc_ctype_c.o(locale$$data)
    Data                                     0x20000000   Data           5  dht11.o(.data)
    BMP9                                     0x20000005   Data        1024  esp.o(.data)
    BMP11                                    0x20000405   Data        1024  esp.o(.data)
    BMP13                                    0x20000805   Data        1024  esp.o(.data)
    BMP15                                    0x20000c05   Data        1024  esp.o(.data)
    BMP17                                    0x20001005   Data        1024  esp.o(.data)
    BMP19                                    0x20001405   Data        1024  esp.o(.data)
    BMP21                                    0x20001805   Data        1024  esp.o(.data)
    BMP23                                    0x20001c05   Data        1024  esp.o(.data)
    BMP25                                    0x20002005   Data        1024  esp.o(.data)
    BMP27                                    0x20002405   Data        1024  esp.o(.data)
    BMP29                                    0x20002805   Data        1024  esp.o(.data)
    BMP31                                    0x20002c05   Data        1024  esp.o(.data)
    BMP32                                    0x20003005   Data        1024  esp.o(.data)
    BMPS                                     0x20003408   Data          52  esp.o(.data)
    bird_y                                   0x2000343c   Data           4  flappy_bird.o(.data)
    bird_speed                               0x20003440   Data           4  flappy_bird.o(.data)
    obstacle_gap                             0x20003444   Data           4  flappy_bird.o(.data)
    score                                    0x20003448   Data           4  flappy_bird.o(.data)
    highsc                                   0x2000344c   Data           4  flappy_bird.o(.data)
    obstacle_speed                           0x20003450   Data           4  flappy_bird.o(.data)
    temperature                              0x20003458   Data           1  maintask.o(.data)
    humidity                                 0x20003459   Data           1  maintask.o(.data)
    stat                                     0x2000345a   Data           1  maintask.o(.data)
    choice                                   0x2000345b   Data           1  maintask.o(.data)
    count                                    0x2000345c   Data           1  maintask.o(.data)
    Uart2_Rx_Cnt                             0x2000345d   Data           1  maintask.o(.data)
    receive_flag                             0x2000345e   Data           1  maintask.o(.data)
    is_running                               0x2000345f   Data           1  maintask.o(.data)
    aRxBuffer                                0x20003461   Data           1  maintask.o(.data)
    ptime1                                   0x20003464   Data           4  maintask.o(.data)
    ptime2                                   0x20003468   Data           4  maintask.o(.data)
    pwmtime1                                 0x2000346c   Data           4  maintask.o(.data)
    light                                    0x20003470   Data           4  maintask.o(.data)
    tempr                                    0x20003474   Data           4  maintask.o(.data)
    R                                        0x20003478   Data           4  maintask.o(.data)
    G                                        0x2000347c   Data           4  maintask.o(.data)
    B                                        0x20003480   Data           4  maintask.o(.data)
    R1                                       0x20003484   Data           4  maintask.o(.data)
    G1                                       0x20003488   Data           4  maintask.o(.data)
    B1                                       0x2000348c   Data           4  maintask.o(.data)
    vlight                                   0x20003490   Data           4  maintask.o(.data)
    pg                                       0x20003494   Data           4  maintask.o(.data)
    ms_counter                               0x20003498   Data           4  maintask.o(.data)
    weeks                                    0x2000349c   Data          70  maintask.o(.data)
    modes                                    0x200034e2   Data          11  maintask.o(.data)
    uwTickFreq                               0x200034f0   Data           1  stm32f1xx_hal.o(.data)
    uwTickPrio                               0x200034f4   Data           4  stm32f1xx_hal.o(.data)
    uwTick                                   0x200034f8   Data           4  stm32f1xx_hal.o(.data)
    SystemCoreClock                          0x200034fc   Data           4  system_stm32f1xx.o(.data)
    OLED_GRAM                                0x20003500   Data        1152  oled.o(.bss)
    obstacles                                0x20003980   Data          36  flappy_bird.o(.bss)
    my_order                                 0x200039a4   Data          15  maintask.o(.bss)
    RxBuffer                                 0x200039b3   Data         256  maintask.o(.bss)
    setting                                  0x20003ab4   Data          44  maintask.o(.bss)
    hadc1                                    0x20003ae0   Data          48  adc.o(.bss)
    hadc2                                    0x20003b10   Data          48  adc.o(.bss)
    hi2c1                                    0x20003b40   Data          84  i2c.o(.bss)
    hrtc                                     0x20003b94   Data          20  rtc.o(.bss)
    htim2                                    0x20003ba8   Data          72  tim.o(.bss)
    htim3                                    0x20003bf0   Data          72  tim.o(.bss)
    htim4                                    0x20003c38   Data          72  tim.o(.bss)
    huart1                                   0x20003c80   Data          72  usart.o(.bss)
    _random_number_data                      0x20003cc8   Data         228  rand.o(.bss)
    __libspace_start                         0x20003dd8   Data          96  libspace.o(.bss)
    __temporary_stack_top$libspace           0x20003e38   Data           0  libspace.o(.bss)



==============================================================================

Memory Map of the image

  Image Entry point : 0x080000ed

  Load Region LR_IROM1 (Base: 0x08000000, Size: 0x0000cf70, Max: 0x00010000, ABSOLUTE, COMPRESSED[0x00009ea0])

    Execution Region ER_IROM1 (Exec base: 0x08000000, Load base: 0x08000000, Size: 0x00009a70, Max: 0x00010000, ABSOLUTE)

    Exec Addr    Load Addr    Size         Type   Attr      Idx    E Section Name        Object

    0x08000000   0x08000000   0x000000ec   Data   RO            3    RESET               startup_stm32f103xb.o
    0x080000ec   0x080000ec   0x00000008   Code   RO         4630  * !!!main             c_w.l(__main.o)
    0x080000f4   0x080000f4   0x00000034   Code   RO         4860    !!!scatter          c_w.l(__scatter.o)
    0x08000128   0x08000128   0x0000005a   Code   RO         4858    !!dczerorl2         c_w.l(__dczerorl2.o)
    0x08000182   0x08000182   0x00000002   PAD
    0x08000184   0x08000184   0x0000001c   Code   RO         4862    !!handler_zi        c_w.l(__scatter_zi.o)
    0x080001a0   0x080001a0   0x00000000   Code   RO         4603    .ARM.Collect$$_printf_percent$$00000000  c_w.l(_printf_percent.o)
    0x080001a0   0x080001a0   0x00000006   Code   RO         4602    .ARM.Collect$$_printf_percent$$00000009  c_w.l(_printf_d.o)
    0x080001a6   0x080001a6   0x00000004   Code   RO         4665    .ARM.Collect$$_printf_percent$$00000017  c_w.l(_printf_percent_end.o)
    0x080001aa   0x080001aa   0x00000002   Code   RO         4769    .ARM.Collect$$libinit$$00000000  c_w.l(libinit.o)
    0x080001ac   0x080001ac   0x00000000   Code   RO         4676    .ARM.Collect$$libinit$$00000002  c_w.l(libinit2.o)
    0x080001ac   0x080001ac   0x00000000   Code   RO         4678    .ARM.Collect$$libinit$$00000004  c_w.l(libinit2.o)
    0x080001ac   0x080001ac   0x00000000   Code   RO         4681    .ARM.Collect$$libinit$$0000000A  c_w.l(libinit2.o)
    0x080001ac   0x080001ac   0x00000000   Code   RO         4683    .ARM.Collect$$libinit$$0000000C  c_w.l(libinit2.o)
    0x080001ac   0x080001ac   0x00000004   Code   RO         4684    .ARM.Collect$$libinit$$0000000D  c_w.l(libinit2.o)
    0x080001b0   0x080001b0   0x00000000   Code   RO         4685    .ARM.Collect$$libinit$$0000000E  c_w.l(libinit2.o)
    0x080001b0   0x080001b0   0x00000006   Code   RO         4686    .ARM.Collect$$libinit$$0000000F  c_w.l(libinit2.o)
    0x080001b6   0x080001b6   0x00000000   Code   RO         4688    .ARM.Collect$$libinit$$00000011  c_w.l(libinit2.o)
    0x080001b6   0x080001b6   0x0000000c   Code   RO         4689    .ARM.Collect$$libinit$$00000012  c_w.l(libinit2.o)
    0x080001c2   0x080001c2   0x00000000   Code   RO         4690    .ARM.Collect$$libinit$$00000013  c_w.l(libinit2.o)
    0x080001c2   0x080001c2   0x00000000   Code   RO         4692    .ARM.Collect$$libinit$$00000015  c_w.l(libinit2.o)
    0x080001c2   0x080001c2   0x00000000   Code   RO         4694    .ARM.Collect$$libinit$$00000017  c_w.l(libinit2.o)
    0x080001c2   0x080001c2   0x00000000   Code   RO         4696    .ARM.Collect$$libinit$$00000019  c_w.l(libinit2.o)
    0x080001c2   0x080001c2   0x00000000   Code   RO         4698    .ARM.Collect$$libinit$$0000001B  c_w.l(libinit2.o)
    0x080001c2   0x080001c2   0x00000000   Code   RO         4700    .ARM.Collect$$libinit$$0000001D  c_w.l(libinit2.o)
    0x080001c2   0x080001c2   0x00000000   Code   RO         4702    .ARM.Collect$$libinit$$0000001F  c_w.l(libinit2.o)
    0x080001c2   0x080001c2   0x00000000   Code   RO         4704    .ARM.Collect$$libinit$$00000021  c_w.l(libinit2.o)
    0x080001c2   0x080001c2   0x00000000   Code   RO         4706    .ARM.Collect$$libinit$$00000023  c_w.l(libinit2.o)
    0x080001c2   0x080001c2   0x00000000   Code   RO         4708    .ARM.Collect$$libinit$$00000025  c_w.l(libinit2.o)
    0x080001c2   0x080001c2   0x00000000   Code   RO         4712    .ARM.Collect$$libinit$$0000002C  c_w.l(libinit2.o)
    0x080001c2   0x080001c2   0x00000000   Code   RO         4714    .ARM.Collect$$libinit$$0000002E  c_w.l(libinit2.o)
    0x080001c2   0x080001c2   0x00000000   Code   RO         4716    .ARM.Collect$$libinit$$00000030  c_w.l(libinit2.o)
    0x080001c2   0x080001c2   0x00000000   Code   RO         4718    .ARM.Collect$$libinit$$00000032  c_w.l(libinit2.o)
    0x080001c2   0x080001c2   0x00000002   Code   RO         4719    .ARM.Collect$$libinit$$00000033  c_w.l(libinit2.o)
    0x080001c4   0x080001c4   0x00000002   Code   RO         4817    .ARM.Collect$$libshutdown$$00000000  c_w.l(libshutdown.o)
    0x080001c6   0x080001c6   0x00000000   Code   RO         4823    .ARM.Collect$$libshutdown$$00000002  c_w.l(libshutdown2.o)
    0x080001c6   0x080001c6   0x00000000   Code   RO         4825    .ARM.Collect$$libshutdown$$00000004  c_w.l(libshutdown2.o)
    0x080001c6   0x080001c6   0x00000000   Code   RO         4827    .ARM.Collect$$libshutdown$$00000006  c_w.l(libshutdown2.o)
    0x080001c6   0x080001c6   0x00000000   Code   RO         4830    .ARM.Collect$$libshutdown$$00000009  c_w.l(libshutdown2.o)
    0x080001c6   0x080001c6   0x00000000   Code   RO         4833    .ARM.Collect$$libshutdown$$0000000C  c_w.l(libshutdown2.o)
    0x080001c6   0x080001c6   0x00000000   Code   RO         4835    .ARM.Collect$$libshutdown$$0000000E  c_w.l(libshutdown2.o)
    0x080001c6   0x080001c6   0x00000000   Code   RO         4838    .ARM.Collect$$libshutdown$$00000011  c_w.l(libshutdown2.o)
    0x080001c6   0x080001c6   0x00000002   Code   RO         4839    .ARM.Collect$$libshutdown$$00000012  c_w.l(libshutdown2.o)
    0x080001c8   0x080001c8   0x00000000   Code   RO         4658    .ARM.Collect$$rtentry$$00000000  c_w.l(__rtentry.o)
    0x080001c8   0x080001c8   0x00000000   Code   RO         4730    .ARM.Collect$$rtentry$$00000002  c_w.l(__rtentry2.o)
    0x080001c8   0x080001c8   0x00000006   Code   RO         4742    .ARM.Collect$$rtentry$$00000004  c_w.l(__rtentry4.o)
    0x080001ce   0x080001ce   0x00000000   Code   RO         4732    .ARM.Collect$$rtentry$$00000009  c_w.l(__rtentry2.o)
    0x080001ce   0x080001ce   0x00000004   Code   RO         4733    .ARM.Collect$$rtentry$$0000000A  c_w.l(__rtentry2.o)
    0x080001d2   0x080001d2   0x00000000   Code   RO         4735    .ARM.Collect$$rtentry$$0000000C  c_w.l(__rtentry2.o)
    0x080001d2   0x080001d2   0x00000008   Code   RO         4736    .ARM.Collect$$rtentry$$0000000D  c_w.l(__rtentry2.o)
    0x080001da   0x080001da   0x00000002   Code   RO         4775    .ARM.Collect$$rtexit$$00000000  c_w.l(rtexit.o)
    0x080001dc   0x080001dc   0x00000000   Code   RO         4795    .ARM.Collect$$rtexit$$00000002  c_w.l(rtexit2.o)
    0x080001dc   0x080001dc   0x00000004   Code   RO         4796    .ARM.Collect$$rtexit$$00000003  c_w.l(rtexit2.o)
    0x080001e0   0x080001e0   0x00000006   Code   RO         4797    .ARM.Collect$$rtexit$$00000004  c_w.l(rtexit2.o)
    0x080001e6   0x080001e6   0x00000002   PAD
    0x080001e8   0x080001e8   0x00000034   Code   RO         4608    .emb_text           c_w.l(rand.o)
    0x0800021c   0x0800021c   0x00000040   Code   RO            4    .text               startup_stm32f103xb.o
    0x0800025c   0x0800025c   0x00000028   Code   RO         4574    .text               c_w.l(noretval__2sprintf.o)
    0x08000284   0x08000284   0x0000004e   Code   RO         4578    .text               c_w.l(_printf_pad.o)
    0x080002d2   0x080002d2   0x00000002   PAD
    0x080002d4   0x080002d4   0x00000078   Code   RO         4580    .text               c_w.l(_printf_dec.o)
    0x0800034c   0x0800034c   0x00000138   Code   RO         4594    .text               c_w.l(__printf_flags_wp.o)
    0x08000484   0x08000484   0x0000003c   Code   RO         4604    .text               c_w.l(__0sscanf.o)
    0x080004c0   0x080004c0   0x0000014c   Code   RO         4606    .text               c_w.l(_scanf_int.o)
    0x0800060c   0x0800060c   0x0000003c   Code   RO         4609    .text               c_w.l(rand.o)
    0x08000648   0x08000648   0x00000024   Code   RO         4613    .text               c_w.l(strstr.o)
    0x0800066c   0x0800066c   0x0000003e   Code   RO         4615    .text               c_w.l(strlen.o)
    0x080006aa   0x080006aa   0x00000064   Code   RO         4617    .text               c_w.l(rt_memcpy_w.o)
    0x0800070e   0x0800070e   0x00000044   Code   RO         4619    .text               c_w.l(rt_memclr.o)
    0x08000752   0x08000752   0x0000004e   Code   RO         4621    .text               c_w.l(rt_memclr_w.o)
    0x080007a0   0x080007a0   0x0000000c   Code   RO         4623    .text               c_w.l(localtime.o)
    0x080007ac   0x080007ac   0x000001ac   Code   RO         4626    .text               c_w.l(mktime.o)
    0x08000958   0x08000958   0x00000006   Code   RO         4628    .text               c_w.l(heapauxi.o)
    0x0800095e   0x0800095e   0x000000b2   Code   RO         4659    .text               c_w.l(_printf_intcommon.o)
    0x08000a10   0x08000a10   0x00000030   Code   RO         4661    .text               c_w.l(_printf_char_common.o)
    0x08000a40   0x08000a40   0x0000000a   Code   RO         4663    .text               c_w.l(_sputc.o)
    0x08000a4a   0x08000a4a   0x0000001c   Code   RO         4666    .text               c_w.l(_chval.o)
    0x08000a66   0x08000a66   0x00000002   PAD
    0x08000a68   0x08000a68   0x0000002c   Code   RO         4668    .text               c_w.l(scanf_char.o)
    0x08000a94   0x08000a94   0x00000040   Code   RO         4670    .text               c_w.l(_sgetc.o)
    0x08000ad4   0x08000ad4   0x000000b8   Code   RO         4673    .text               c_w.l(localtime_internal.o)
    0x08000b8c   0x08000b8c   0x00000012   Code   RO         4744    .text               c_w.l(isspace.o)
    0x08000b9e   0x08000b9e   0x00000002   PAD
    0x08000ba0   0x08000ba0   0x00000374   Code   RO         4748    .text               c_w.l(_scanf.o)
    0x08000f14   0x08000f14   0x0000004a   Code   RO         4754    .text               c_w.l(sys_stackheap_outer.o)
    0x08000f5e   0x08000f5e   0x00000002   PAD
    0x08000f60   0x08000f60   0x00000010   Code   RO         4756    .text               c_w.l(rt_ctype_table.o)
    0x08000f70   0x08000f70   0x00000012   Code   RO         4758    .text               c_w.l(exit.o)
    0x08000f82   0x08000f82   0x00000002   PAD
    0x08000f84   0x08000f84   0x00000008   Code   RO         4772    .text               c_w.l(libspace.o)
    0x08000f8c   0x08000f8c   0x00000008   Code   RO         4780    .text               c_w.l(rt_locale_intlibspace.o)
    0x08000f94   0x08000f94   0x00000002   Code   RO         4791    .text               c_w.l(use_no_semi.o)
    0x08000f96   0x08000f96   0x00000000   Code   RO         4793    .text               c_w.l(indicate_semi.o)
    0x08000f96   0x08000f96   0x00000002   PAD
    0x08000f98   0x08000f98   0x00000080   Code   RO         4807    .text               c_w.l(strcmpv7m.o)
    0x08001018   0x08001018   0x0000000c   Code   RO         4809    .text               c_w.l(sys_exit.o)
    0x08001024   0x08001024   0x00000056   Code   RO         1235    i.ADC_ConversionStop_Disable  stm32f1xx_hal_adc.o
    0x0800107a   0x0800107a   0x00000002   PAD
    0x0800107c   0x0800107c   0x0000007c   Code   RO         1239    i.ADC_Enable        stm32f1xx_hal_adc.o
    0x080010f8   0x080010f8   0x00000002   Code   RO         1087    i.BusFault_Handler  stm32f1xx_it.o
    0x080010fa   0x080010fa   0x00000026   Code   RO          540    i.Button_LongPress  maintask.o
    0x08001120   0x08001120   0x00000024   Code   RO          541    i.Button_ShortPress  maintask.o
    0x08001144   0x08001144   0x00000048   Code   RO          426    i.CheckCollision    flappy_bird.o
    0x0800118c   0x0800118c   0x00000020   Code   RO          283    i.DHT_GPIO_SET_INPUT  dht11.o
    0x080011ac   0x080011ac   0x00000024   Code   RO          284    i.DHT_GPIO_SET_OUTPUT  dht11.o
    0x080011d0   0x080011d0   0x000000c0   Code   RO          285    i.DHT_Read          dht11.o
    0x08001290   0x08001290   0x00000080   Code   RO          286    i.DHT_Read_Byte     dht11.o
    0x08001310   0x08001310   0x00000002   Code   RO         1088    i.DebugMon_Handler  stm32f1xx_it.o
    0x08001312   0x08001312   0x00000018   Code   RO          287    i.Delay_us          dht11.o
    0x0800132a   0x0800132a   0x00000002   PAD
    0x0800132c   0x0800132c   0x0000003c   Code   RO          542    i.DisplayTime       maintask.o
    0x08001368   0x08001368   0x00000098   Code   RO          427    i.DisplayUpdate     flappy_bird.o
    0x08001400   0x08001400   0x0000006c   Code   RO          543    i.Display_Temperature_Humidity  maintask.o
    0x0800146c   0x0800146c   0x00000004   Code   RO          793    i.Error_Handler     main.o
    0x08001470   0x08001470   0x00000038   Code   RO          428    i.Flappy_Bird_Game  flappy_bird.o
    0x080014a8   0x080014a8   0x0000008c   Code   RO          429    i.Flappy_Bird_Init  flappy_bird.o
    0x08001534   0x08001534   0x00000034   Code   RO          430    i.GameLoop          flappy_bird.o
    0x08001568   0x08001568   0x000000d8   Code   RO         1415    i.HAL_ADCEx_Calibration_Start  stm32f1xx_hal_adc_ex.o
    0x08001640   0x08001640   0x000000fc   Code   RO         1241    i.HAL_ADC_ConfigChannel  stm32f1xx_hal_adc.o
    0x0800173c   0x0800173c   0x00000006   Code   RO         1248    i.HAL_ADC_GetValue  stm32f1xx_hal_adc.o
    0x08001742   0x08001742   0x00000002   PAD
    0x08001744   0x08001744   0x0000011c   Code   RO         1250    i.HAL_ADC_Init      stm32f1xx_hal_adc.o
    0x08001860   0x08001860   0x00000088   Code   RO          854    i.HAL_ADC_MspInit   adc.o
    0x080018e8   0x080018e8   0x0000013c   Code   RO         1254    i.HAL_ADC_PollForConversion  stm32f1xx_hal_adc.o
    0x08001a24   0x08001a24   0x000000c0   Code   RO         1256    i.HAL_ADC_Start     stm32f1xx_hal_adc.o
    0x08001ae4   0x08001ae4   0x00000046   Code   RO         1892    i.HAL_DMA_Abort     stm32f1xx_hal_dma.o
    0x08001b2a   0x08001b2a   0x00000002   PAD
    0x08001b2c   0x08001b2c   0x00000098   Code   RO         1893    i.HAL_DMA_Abort_IT  stm32f1xx_hal_dma.o
    0x08001bc4   0x08001bc4   0x00000024   Code   RO         1518    i.HAL_Delay         stm32f1xx_hal.o
    0x08001be8   0x08001be8   0x000001e0   Code   RO         1828    i.HAL_GPIO_Init     stm32f1xx_hal_gpio.o
    0x08001dc8   0x08001dc8   0x0000000a   Code   RO         1830    i.HAL_GPIO_ReadPin  stm32f1xx_hal_gpio.o
    0x08001dd2   0x08001dd2   0x0000000a   Code   RO         1832    i.HAL_GPIO_WritePin  stm32f1xx_hal_gpio.o
    0x08001ddc   0x08001ddc   0x0000000c   Code   RO         1522    i.HAL_GetTick       stm32f1xx_hal.o
    0x08001de8   0x08001de8   0x00000188   Code   RO         2499    i.HAL_I2C_Init      stm32f1xx_hal_i2c.o
    0x08001f70   0x08001f70   0x0000005c   Code   RO          902    i.HAL_I2C_MspInit   i2c.o
    0x08001fcc   0x08001fcc   0x00000010   Code   RO         1528    i.HAL_IncTick       stm32f1xx_hal.o
    0x08001fdc   0x08001fdc   0x00000024   Code   RO         1529    i.HAL_Init          stm32f1xx_hal.o
    0x08002000   0x08002000   0x00000040   Code   RO         1530    i.HAL_InitTick      stm32f1xx_hal.o
    0x08002040   0x08002040   0x0000003c   Code   RO         1175    i.HAL_MspInit       stm32f1xx_hal_msp.o
    0x0800207c   0x0800207c   0x0000001a   Code   RO         1988    i.HAL_NVIC_EnableIRQ  stm32f1xx_hal_cortex.o
    0x08002096   0x08002096   0x00000002   PAD
    0x08002098   0x08002098   0x00000040   Code   RO         1994    i.HAL_NVIC_SetPriority  stm32f1xx_hal_cortex.o
    0x080020d8   0x080020d8   0x00000024   Code   RO         1995    i.HAL_NVIC_SetPriorityGrouping  stm32f1xx_hal_cortex.o
    0x080020fc   0x080020fc   0x0000000c   Code   RO         2110    i.HAL_PWR_EnableBkUpAccess  stm32f1xx_hal_pwr.o
    0x08002108   0x08002108   0x000000a4   Code   RO         1789    i.HAL_RCCEx_GetPeriphCLKFreq  stm32f1xx_hal_rcc_ex.o
    0x080021ac   0x080021ac   0x000000ec   Code   RO         1790    i.HAL_RCCEx_PeriphCLKConfig  stm32f1xx_hal_rcc_ex.o
    0x08002298   0x08002298   0x0000012c   Code   RO         1686    i.HAL_RCC_ClockConfig  stm32f1xx_hal_rcc.o
    0x080023c4   0x080023c4   0x00000020   Code   RO         1693    i.HAL_RCC_GetPCLK1Freq  stm32f1xx_hal_rcc.o
    0x080023e4   0x080023e4   0x00000020   Code   RO         1694    i.HAL_RCC_GetPCLK2Freq  stm32f1xx_hal_rcc.o
    0x08002404   0x08002404   0x0000004c   Code   RO         1695    i.HAL_RCC_GetSysClockFreq  stm32f1xx_hal_rcc.o
    0x08002450   0x08002450   0x00000320   Code   RO         1698    i.HAL_RCC_OscConfig  stm32f1xx_hal_rcc.o
    0x08002770   0x08002770   0x00000010   Code   RO         3095    i.HAL_RTCEx_BKUPRead  stm32f1xx_hal_rtc_ex.o
    0x08002780   0x08002780   0x00000010   Code   RO         3096    i.HAL_RTCEx_BKUPWrite  stm32f1xx_hal_rtc_ex.o
    0x08002790   0x08002790   0x00000094   Code   RO         2933    i.HAL_RTC_Init      stm32f1xx_hal_rtc.o
    0x08002824   0x08002824   0x00000034   Code   RO          944    i.HAL_RTC_MspInit   rtc.o
    0x08002858   0x08002858   0x0000003a   Code   RO         2941    i.HAL_RTC_WaitForSynchro  stm32f1xx_hal_rtc.o
    0x08002892   0x08002892   0x00000028   Code   RO         1999    i.HAL_SYSTICK_Config  stm32f1xx_hal_cortex.o
    0x080028ba   0x080028ba   0x00000002   Code   RO         3903    i.HAL_TIMEx_BreakCallback  stm32f1xx_hal_tim_ex.o
    0x080028bc   0x080028bc   0x00000002   Code   RO         3904    i.HAL_TIMEx_CommutCallback  stm32f1xx_hal_tim_ex.o
    0x080028be   0x080028be   0x00000002   PAD
    0x080028c0   0x080028c0   0x00000068   Code   RO         3922    i.HAL_TIMEx_MasterConfigSynchronization  stm32f1xx_hal_tim_ex.o
    0x08002928   0x08002928   0x0000005a   Code   RO         3199    i.HAL_TIM_Base_Init  stm32f1xx_hal_tim.o
    0x08002982   0x08002982   0x00000002   PAD
    0x08002984   0x08002984   0x0000006c   Code   RO          986    i.HAL_TIM_Base_MspInit  tim.o
    0x080029f0   0x080029f0   0x00000058   Code   RO         3204    i.HAL_TIM_Base_Start_IT  stm32f1xx_hal_tim.o
    0x08002a48   0x08002a48   0x000000dc   Code   RO         3208    i.HAL_TIM_ConfigClockSource  stm32f1xx_hal_tim.o
    0x08002b24   0x08002b24   0x00000002   Code   RO         3233    i.HAL_TIM_IC_CaptureCallback  stm32f1xx_hal_tim.o
    0x08002b26   0x08002b26   0x00000130   Code   RO         3247    i.HAL_TIM_IRQHandler  stm32f1xx_hal_tim.o
    0x08002c56   0x08002c56   0x00000002   PAD
    0x08002c58   0x08002c58   0x00000090   Code   RO          987    i.HAL_TIM_MspPostInit  tim.o
    0x08002ce8   0x08002ce8   0x00000002   Code   RO         3250    i.HAL_TIM_OC_DelayElapsedCallback  stm32f1xx_hal_tim.o
    0x08002cea   0x08002cea   0x000000cc   Code   RO         3271    i.HAL_TIM_PWM_ConfigChannel  stm32f1xx_hal_tim.o
    0x08002db6   0x08002db6   0x0000005a   Code   RO         3274    i.HAL_TIM_PWM_Init  stm32f1xx_hal_tim.o
    0x08002e10   0x08002e10   0x00000002   Code   RO         3276    i.HAL_TIM_PWM_MspInit  stm32f1xx_hal_tim.o
    0x08002e12   0x08002e12   0x00000002   Code   RO         3277    i.HAL_TIM_PWM_PulseFinishedCallback  stm32f1xx_hal_tim.o
    0x08002e14   0x08002e14   0x0000009c   Code   RO         3279    i.HAL_TIM_PWM_Start  stm32f1xx_hal_tim.o
    0x08002eb0   0x08002eb0   0x00000070   Code   RO         3282    i.HAL_TIM_PWM_Stop  stm32f1xx_hal_tim.o
    0x08002f20   0x08002f20   0x0000001c   Code   RO          544    i.HAL_TIM_PeriodElapsedCallback  maintask.o
    0x08002f3c   0x08002f3c   0x00000002   Code   RO         3290    i.HAL_TIM_TriggerCallback  stm32f1xx_hal_tim.o
    0x08002f3e   0x08002f3e   0x00000002   Code   RO         4182    i.HAL_UARTEx_RxEventCallback  stm32f1xx_hal_uart.o
    0x08002f40   0x08002f40   0x00000002   Code   RO         4196    i.HAL_UART_ErrorCallback  stm32f1xx_hal_uart.o
    0x08002f42   0x08002f42   0x0000000a   Code   RO         4198    i.HAL_UART_GetState  stm32f1xx_hal_uart.o
    0x08002f4c   0x08002f4c   0x0000026c   Code   RO         4199    i.HAL_UART_IRQHandler  stm32f1xx_hal_uart.o
    0x080031b8   0x080031b8   0x00000064   Code   RO         4200    i.HAL_UART_Init     stm32f1xx_hal_uart.o
    0x0800321c   0x0800321c   0x00000080   Code   RO         1046    i.HAL_UART_MspInit  usart.o
    0x0800329c   0x0800329c   0x0000001c   Code   RO         4205    i.HAL_UART_Receive_IT  stm32f1xx_hal_uart.o
    0x080032b8   0x080032b8   0x00000084   Code   RO          545    i.HAL_UART_RxCpltCallback  maintask.o
    0x0800333c   0x0800333c   0x000000a0   Code   RO         4208    i.HAL_UART_Transmit  stm32f1xx_hal_uart.o
    0x080033dc   0x080033dc   0x00000002   Code   RO         4211    i.HAL_UART_TxCpltCallback  stm32f1xx_hal_uart.o
    0x080033de   0x080033de   0x00000002   Code   RO         1089    i.HardFault_Handler  stm32f1xx_it.o
    0x080033e0   0x080033e0   0x00000040   Code   RO           13    i.I2C_Start         oled.o
    0x08003420   0x08003420   0x00000030   Code   RO           14    i.I2C_Stop          oled.o
    0x08003450   0x08003450   0x00000038   Code   RO           15    i.I2C_WaitAck       oled.o
    0x08003488   0x08003488   0x0000000a   Code   RO           16    i.IIC_delay         oled.o
    0x08003492   0x08003492   0x00000002   PAD
    0x08003494   0x08003494   0x0000003c   Code   RO          431    i.InitObstacles     flappy_bird.o
    0x080034d0   0x080034d0   0x00000050   Code   RO          855    i.MX_ADC1_Init      adc.o
    0x08003520   0x08003520   0x00000050   Code   RO          856    i.MX_ADC2_Init      adc.o
    0x08003570   0x08003570   0x000000a4   Code   RO          829    i.MX_GPIO_Init      gpio.o
    0x08003614   0x08003614   0x00000040   Code   RO          903    i.MX_I2C1_Init      i2c.o
    0x08003654   0x08003654   0x0000001c   Code   RO          945    i.MX_RTC_Init       rtc.o
    0x08003670   0x08003670   0x00000064   Code   RO          988    i.MX_TIM2_Init      tim.o
    0x080036d4   0x080036d4   0x000000b8   Code   RO          989    i.MX_TIM3_Init      tim.o
    0x0800378c   0x0800378c   0x00000098   Code   RO          990    i.MX_TIM4_Init      tim.o
    0x08003824   0x08003824   0x00000038   Code   RO         1047    i.MX_USART1_UART_Init  usart.o
    0x0800385c   0x0800385c   0x00000030   Code   RO          751    i.MY_RTC_GetTime    my_rtc.o
    0x0800388c   0x0800388c   0x00000048   Code   RO          752    i.MY_RTC_Init       my_rtc.o
    0x080038d4   0x080038d4   0x00000018   Code   RO          753    i.MY_RTC_SetTime    my_rtc.o
    0x080038ec   0x080038ec   0x00000002   Code   RO         1090    i.MemManage_Handler  stm32f1xx_it.o
    0x080038ee   0x080038ee   0x00000002   Code   RO         1091    i.NMI_Handler       stm32f1xx_it.o
    0x080038f0   0x080038f0   0x0000002c   Code   RO           17    i.OLED_Clear        oled.o
    0x0800391c   0x0800391c   0x000000c4   Code   RO           22    i.OLED_DrawCircle   oled.o
    0x080039e0   0x080039e0   0x0000009c   Code   RO           23    i.OLED_DrawLine     oled.o
    0x08003a7c   0x08003a7c   0x0000002c   Code   RO           24    i.OLED_DrawPoint    oled.o
    0x08003aa8   0x08003aa8   0x00000140   Code   RO           25    i.OLED_Init         oled.o
    0x08003be8   0x08003be8   0x00000010   Code   RO           26    i.OLED_Pow          oled.o
    0x08003bf8   0x08003bf8   0x00000068   Code   RO           27    i.OLED_Refresh      oled.o
    0x08003c60   0x08003c60   0x000000e4   Code   RO           29    i.OLED_ShowChar     oled.o
    0x08003d44   0x08003d44   0x0000006e   Code   RO           31    i.OLED_ShowNum      oled.o
    0x08003db2   0x08003db2   0x0000009c   Code   RO           32    i.OLED_ShowPicture  oled.o
    0x08003e4e   0x08003e4e   0x0000003c   Code   RO           33    i.OLED_ShowString   oled.o
    0x08003e8a   0x08003e8a   0x00000036   Code   RO           34    i.OLED_WR_Byte      oled.o
    0x08003ec0   0x08003ec0   0x00000002   Code   RO         1092    i.PendSV_Handler    stm32f1xx_it.o
    0x08003ec2   0x08003ec2   0x00000034   Code   RO         2945    i.RTC_EnterInitMode  stm32f1xx_hal_rtc.o
    0x08003ef6   0x08003ef6   0x00000002   PAD
    0x08003ef8   0x08003ef8   0x00000036   Code   RO         2946    i.RTC_ExitInitMode  stm32f1xx_hal_rtc.o
    0x08003f2e   0x08003f2e   0x00000002   PAD
    0x08003f30   0x08003f30   0x00000070   Code   RO          754    i.RTC_WriteTimeCounter  my_rtc.o
    0x08003fa0   0x08003fa0   0x00000020   Code   RO          432    i.ReadHighScore     flappy_bird.o
    0x08003fc0   0x08003fc0   0x00000002   Code   RO         1093    i.SVC_Handler       stm32f1xx_it.o
    0x08003fc2   0x08003fc2   0x00000002   PAD
    0x08003fc4   0x08003fc4   0x00000020   Code   RO          433    i.SaveHighScore     flappy_bird.o
    0x08003fe4   0x08003fe4   0x00000048   Code   RO           35    i.Send_Byte         oled.o
    0x0800402c   0x0800402c   0x00000004   Code   RO         1094    i.SysTick_Handler   stm32f1xx_it.o
    0x08004030   0x08004030   0x00000086   Code   RO          794    i.SystemClock_Config  main.o
    0x080040b6   0x080040b6   0x00000002   Code   RO         4534    i.SystemInit        system_stm32f1xx.o
    0x080040b8   0x080040b8   0x0000000c   Code   RO         1095    i.TIM2_IRQHandler   stm32f1xx_it.o
    0x080040c4   0x080040c4   0x00000078   Code   RO         3292    i.TIM_Base_SetConfig  stm32f1xx_hal_tim.o
    0x0800413c   0x0800413c   0x0000001a   Code   RO         3293    i.TIM_CCxChannelCmd  stm32f1xx_hal_tim.o
    0x08004156   0x08004156   0x00000014   Code   RO         3303    i.TIM_ETR_SetConfig  stm32f1xx_hal_tim.o
    0x0800416a   0x0800416a   0x00000010   Code   RO         3304    i.TIM_ITRx_SetConfig  stm32f1xx_hal_tim.o
    0x0800417a   0x0800417a   0x00000002   PAD
    0x0800417c   0x0800417c   0x00000050   Code   RO         3305    i.TIM_OC1_SetConfig  stm32f1xx_hal_tim.o
    0x080041cc   0x080041cc   0x00000058   Code   RO         3306    i.TIM_OC2_SetConfig  stm32f1xx_hal_tim.o
    0x08004224   0x08004224   0x00000058   Code   RO         3307    i.TIM_OC3_SetConfig  stm32f1xx_hal_tim.o
    0x0800427c   0x0800427c   0x00000044   Code   RO         3308    i.TIM_OC4_SetConfig  stm32f1xx_hal_tim.o
    0x080042c0   0x080042c0   0x00000022   Code   RO         3310    i.TIM_TI1_ConfigInputStage  stm32f1xx_hal_tim.o
    0x080042e2   0x080042e2   0x00000024   Code   RO         3312    i.TIM_TI2_ConfigInputStage  stm32f1xx_hal_tim.o
    0x08004306   0x08004306   0x00000010   Code   RO         4213    i.UART_DMAAbortOnError  stm32f1xx_hal_uart.o
    0x08004316   0x08004316   0x0000004e   Code   RO         4223    i.UART_EndRxTransfer  stm32f1xx_hal_uart.o
    0x08004364   0x08004364   0x000000c2   Code   RO         4225    i.UART_Receive_IT   stm32f1xx_hal_uart.o
    0x08004426   0x08004426   0x00000002   PAD
    0x08004428   0x08004428   0x000000b8   Code   RO         4226    i.UART_SetConfig    stm32f1xx_hal_uart.o
    0x080044e0   0x080044e0   0x00000036   Code   RO         4228    i.UART_Start_Receive_IT  stm32f1xx_hal_uart.o
    0x08004516   0x08004516   0x00000072   Code   RO         4229    i.UART_WaitOnFlagUntilTimeout  stm32f1xx_hal_uart.o
    0x08004588   0x08004588   0x0000000c   Code   RO         1096    i.USART1_IRQHandler  stm32f1xx_it.o
    0x08004594   0x08004594   0x00000098   Code   RO          434    i.UpdateObstacles   flappy_bird.o
    0x0800462c   0x0800462c   0x00000044   Code   RO          546    i.UpdateTime        maintask.o
    0x08004670   0x08004670   0x00000002   Code   RO         1097    i.UsageFault_Handler  stm32f1xx_it.o
    0x08004672   0x08004672   0x00000020   Code   RO         2001    i.__NVIC_SetPriority  stm32f1xx_hal_cortex.o
    0x08004692   0x08004692   0x0000000e   Code   RO         4592    i._is_digit         c_w.l(__printf_wp.o)
    0x080046a0   0x080046a0   0x00000058   Code   RO          547    i.beforeall         maintask.o
    0x080046f8   0x080046f8   0x000000c4   Code   RO          548    i.displayrtc        maintask.o
    0x080047bc   0x080047bc   0x00000060   Code   RO          549    i.entermode         maintask.o
    0x0800481c   0x0800481c   0x00000048   Code   RO          343    i.esp8266_send_cmd  esp.o
    0x08004864   0x08004864   0x000001e4   Code   RO          344    i.esp8266_start_trans  esp.o
    0x08004a48   0x08004a48   0x000000c0   Code   RO          435    i.fail              flappy_bird.o
    0x08004b08   0x08004b08   0x0000006c   Code   RO          550    i.init              maintask.o
    0x08004b74   0x08004b74   0x00000070   Code   RO          795    i.main              main.o
    0x08004be4   0x08004be4   0x00000444   Code   RO          551    i.mode1             maintask.o
    0x08005028   0x08005028   0x000001dc   Code   RO          552    i.mode2             maintask.o
    0x08005204   0x08005204   0x000001cc   Code   RO          553    i.mode3             maintask.o
    0x080053d0   0x080053d0   0x000001f0   Code   RO          554    i.mode4             maintask.o
    0x080055c0   0x080055c0   0x000002a0   Code   RO          555    i.mode5             maintask.o
    0x08005860   0x08005860   0x00000180   Code   RO          556    i.mode6             maintask.o
    0x080059e0   0x080059e0   0x00000178   Code   RO          557    i.mode7             maintask.o
    0x08005b58   0x08005b58   0x000001ac   Code   RO          558    i.mode8             maintask.o
    0x08005d04   0x08005d04   0x00000018   Code   RO          559    i.mode8_pre         maintask.o
    0x08005d1c   0x08005d1c   0x00000214   Code   RO          560    i.setdht            maintask.o
    0x08005f30   0x08005f30   0x0000033c   Code   RO          561    i.setperiod         maintask.o
    0x0800626c   0x0800626c   0x00000268   Code   RO          562    i.setpwm1           maintask.o
    0x080064d4   0x080064d4   0x00000450   Code   RO          563    i.setrgb            maintask.o
    0x08006924   0x08006924   0x00000204   Code   RO          564    i.setrtc            maintask.o
    0x08006b28   0x08006b28   0x0000029c   Code   RO          565    i.setvlight         maintask.o
    0x08006dc4   0x08006dc4   0x00000258   Code   RO          566    i.switchmode        maintask.o
    0x0800701c   0x0800701c   0x000000b8   Code   RO          567    i.timer             maintask.o
    0x080070d4   0x080070d4   0x00000050   Code   RO          346    i.u2_printf         esp.o
    0x08007124   0x08007124   0x000002e4   Code   RO          568    i.wifiswitch        maintask.o
    0x08007408   0x08007408   0x0000002c   Code   RO         4785    locale$$code        c_w.l(lc_ctype_c.o)
    0x08007434   0x08007434   0x00000062   Code   RO         4632    x$fpl$d2f           fz_ws.l(d2f.o)
    0x08007496   0x08007496   0x00000002   PAD
    0x08007498   0x08007498   0x00000154   Code   RO         4634    x$fpl$dmul          fz_ws.l(dmul.o)
    0x080075ec   0x080075ec   0x0000009c   Code   RO         4720    x$fpl$dnaninf       fz_ws.l(dnaninf.o)
    0x08007688   0x08007688   0x0000000c   Code   RO         4722    x$fpl$dretinf       fz_ws.l(dretinf.o)
    0x08007694   0x08007694   0x00000056   Code   RO         4636    x$fpl$f2d           fz_ws.l(f2d.o)
    0x080076ea   0x080076ea   0x00000002   PAD
    0x080076ec   0x080076ec   0x00000184   Code   RO         4639    x$fpl$fdiv          fz_ws.l(fdiv.o)
    0x08007870   0x08007870   0x00000036   Code   RO         4642    x$fpl$ffix          fz_ws.l(ffix.o)
    0x080078a6   0x080078a6   0x00000002   PAD
    0x080078a8   0x080078a8   0x0000003e   Code   RO         4646    x$fpl$ffixu         fz_ws.l(ffixu.o)
    0x080078e6   0x080078e6   0x00000002   PAD
    0x080078e8   0x080078e8   0x00000026   Code   RO         4650    x$fpl$ffltu         fz_ws.l(fflt_clz.o)
    0x0800790e   0x0800790e   0x00000002   PAD
    0x08007910   0x08007910   0x00000102   Code   RO         4656    x$fpl$fmul          fz_ws.l(fmul.o)
    0x08007a12   0x08007a12   0x0000008c   Code   RO         4724    x$fpl$fnaninf       fz_ws.l(fnaninf.o)
    0x08007a9e   0x08007a9e   0x0000000a   Code   RO         4726    x$fpl$fretinf       fz_ws.l(fretinf.o)
    0x08007aa8   0x08007aa8   0x00000000   Code   RO         4728    x$fpl$usenofp       fz_ws.l(usenofp.o)
    0x08007aa8   0x08007aa8   0x00001e10   Data   RO           37    .constdata          oled.o
    0x080098b8   0x080098b8   0x0000002c   Data   RO          755    .constdata          my_rtc.o
    0x080098e4   0x080098e4   0x00000012   Data   RO         1699    .constdata          stm32f1xx_hal_rcc.o
    0x080098f6   0x080098f6   0x00000012   Data   RO         1791    .constdata          stm32f1xx_hal_rcc_ex.o
    0x08009908   0x08009908   0x00000010   Data   RO         4535    .constdata          system_stm32f1xx.o
    0x08009918   0x08009918   0x00000008   Data   RO         4536    .constdata          system_stm32f1xx.o
    0x08009920   0x08009920   0x00000011   Data   RO         4595    .constdata          c_w.l(__printf_flags_wp.o)
    0x08009931   0x08009931   0x0000000c   Data   RO         4672    .constdata          c_w.l(_monlen.o)
    0x0800993d   0x0800993d   0x00000003   PAD
    0x08009940   0x08009940   0x00000020   Data   RO         4856    Region$$Table       anon$$obj.o
    0x08009960   0x08009960   0x00000110   Data   RO         4784    locale$$data        c_w.l(lc_ctype_c.o)


    Execution Region RW_IRAM1 (Exec base: 0x20000000, Load base: 0x08009a70, Size: 0x00004438, Max: 0x00005000, ABSOLUTE, COMPRESSED[0x00000430])

    Exec Addr    Load Addr    Size         Type   Attr      Idx    E Section Name        Object

    0x20000000   COMPRESSED   0x00000005   Data   RW          288    .data               dht11.o
    0x20000005   COMPRESSED   0x00000400   Data   RW          347    .data               esp.o
    0x20000405   COMPRESSED   0x00000400   Data   RW          348    .data               esp.o
    0x20000805   COMPRESSED   0x00000400   Data   RW          349    .data               esp.o
    0x20000c05   COMPRESSED   0x00000400   Data   RW          350    .data               esp.o
    0x20001005   COMPRESSED   0x00000400   Data   RW          351    .data               esp.o
    0x20001405   COMPRESSED   0x00000400   Data   RW          352    .data               esp.o
    0x20001805   COMPRESSED   0x00000400   Data   RW          353    .data               esp.o
    0x20001c05   COMPRESSED   0x00000400   Data   RW          354    .data               esp.o
    0x20002005   COMPRESSED   0x00000400   Data   RW          355    .data               esp.o
    0x20002405   COMPRESSED   0x00000400   Data   RW          356    .data               esp.o
    0x20002805   COMPRESSED   0x00000400   Data   RW          357    .data               esp.o
    0x20002c05   COMPRESSED   0x00000400   Data   RW          358    .data               esp.o
    0x20003005   COMPRESSED   0x00000400   Data   RW          359    .data               esp.o
    0x20003405   COMPRESSED   0x00000003   PAD
    0x20003408   COMPRESSED   0x00000034   Data   RW          360    .data               esp.o
    0x2000343c   COMPRESSED   0x0000001c   Data   RW          437    .data               flappy_bird.o
    0x20003458   COMPRESSED   0x00000095   Data   RW          571    .data               maintask.o
    0x200034ed   COMPRESSED   0x00000003   PAD
    0x200034f0   COMPRESSED   0x0000000c   Data   RW         1536    .data               stm32f1xx_hal.o
    0x200034fc   COMPRESSED   0x00000004   Data   RW         4537    .data               system_stm32f1xx.o
    0x20003500        -       0x00000480   Zero   RW           36    .bss                oled.o
    0x20003980        -       0x00000024   Zero   RW          436    .bss                flappy_bird.o
    0x200039a4        -       0x0000013c   Zero   RW          569    .bss                maintask.o
    0x20003ae0        -       0x00000060   Zero   RW          857    .bss                adc.o
    0x20003b40        -       0x00000054   Zero   RW          904    .bss                i2c.o
    0x20003b94        -       0x00000014   Zero   RW          946    .bss                rtc.o
    0x20003ba8        -       0x000000d8   Zero   RW          991    .bss                tim.o
    0x20003c80        -       0x00000048   Zero   RW         1048    .bss                usart.o
    0x20003cc8        -       0x000000e4   Zero   RW         4610    .bss                c_w.l(rand.o)
    0x20003dac        -       0x0000002c   Zero   RW         4624    .bss                c_w.l(localtime.o)
    0x20003dd8        -       0x00000060   Zero   RW         4773    .bss                c_w.l(libspace.o)
    0x20003e38        -       0x00000200   Zero   RW            2    HEAP                startup_stm32f103xb.o
    0x20004038        -       0x00000400   Zero   RW            1    STACK               startup_stm32f103xb.o


==============================================================================

Image component sizes


      Code (inc. data)   RO Data    RW Data    ZI Data      Debug   Object Name

       296         38          0          0         96       2094   adc.o
       412         24          0          5          0       3168   dht11.o
       636        126          0      13364          0       3589   esp.o
       940        164          0         28         36       7731   flappy_bird.o
       164         12          0          0          0        895   gpio.o
       156         26          0          0         84       1473   i2c.o
       250         10          0          0          0       2140   main.o
     11154       2292          0        149        316      22059   maintask.o
       256         20         44          0          0       2884   my_rtc.o
      1738         58       7696          0       1152     474796   oled.o
        80         20          0          0         20       1283   rtc.o
        64         26        236          0       1536        772   startup_stm32f103xb.o
       164         28          0         12          0       5589   stm32f1xx_hal.o
      1260         54          0          0          0       6212   stm32f1xx_hal_adc.o
       216          6          0          0          0       1358   stm32f1xx_hal_adc_ex.o
       198         14          0          0          0      28707   stm32f1xx_hal_cortex.o
       222          4          0          0          0       1651   stm32f1xx_hal_dma.o
       500         34          0          0          0       3359   stm32f1xx_hal_gpio.o
       392         16          0          0          0       3131   stm32f1xx_hal_i2c.o
        60          8          0          0          0        798   stm32f1xx_hal_msp.o
        12          4          0          0          0        475   stm32f1xx_hal_pwr.o
      1240         84         18          0          0       4876   stm32f1xx_hal_rcc.o
       400         28         18          0          0       2353   stm32f1xx_hal_rcc_ex.o
       312          4          0          0          0       3512   stm32f1xx_hal_rtc.o
        32         10          0          0          0       1515   stm32f1xx_hal_rtc_ex.o
      1850         60          0          0          0      15889   stm32f1xx_hal_tim.o
       108         12          0          0          0       2245   stm32f1xx_hal_tim_ex.o
      1564         10          0          0          0      10964   stm32f1xx_hal_uart.o
        44         12          0          0          0       4304   stm32f1xx_it.o
         2          0         24          4          0        999   system_stm32f1xx.o
       688         58          0          0        216       3602   tim.o
       184         20          0          0         72       1526   usart.o

    ----------------------------------------------------------------------
     25622       3282       8068      13568       3528     625949   Object Totals
         0          0         32          0          0          0   (incl. Generated)
        28          0          0          6          0          0   (incl. Padding)

    ----------------------------------------------------------------------

      Code (inc. data)   RO Data    RW Data    ZI Data      Debug   Library Member Name

        60          8          0          0          0         84   __0sscanf.o
        90          0          0          0          0          0   __dczerorl2.o
         8          0          0          0          0         68   __main.o
       312          4         17          0          0         92   __printf_flags_wp.o
        14          0          0          0          0         68   __printf_wp.o
         0          0          0          0          0          0   __rtentry.o
        12          0          0          0          0          0   __rtentry2.o
         6          0          0          0          0          0   __rtentry4.o
        52          8          0          0          0          0   __scatter.o
        28          0          0          0          0          0   __scatter_zi.o
        28          0          0          0          0         68   _chval.o
         0          0         12          0          0          0   _monlen.o
        48          6          0          0          0         96   _printf_char_common.o
         6          0          0          0          0          0   _printf_d.o
       120         16          0          0          0         92   _printf_dec.o
       178          0          0          0          0         88   _printf_intcommon.o
        78          0          0          0          0        108   _printf_pad.o
         0          0          0          0          0          0   _printf_percent.o
         4          0          0          0          0          0   _printf_percent_end.o
       884          4          0          0          0        100   _scanf.o
       332          0          0          0          0         96   _scanf_int.o
        64          0          0          0          0         84   _sgetc.o
        10          0          0          0          0         68   _sputc.o
        18          0          0          0          0         80   exit.o
         6          0          0          0          0        152   heapauxi.o
         0          0          0          0          0          0   indicate_semi.o
        18          0          0          0          0         76   isspace.o
        44         10        272          0          0         76   lc_ctype_c.o
         2          0          0          0          0          0   libinit.o
        24          0          0          0          0          0   libinit2.o
         2          0          0          0          0          0   libshutdown.o
         2          0          0          0          0          0   libshutdown2.o
         8          4          0          0         96         68   libspace.o
        12          6          0          0         44         68   localtime.o
       184          6          0          0          0         80   localtime_internal.o
       428         10          0          0          0        116   mktime.o
        40          6          0          0          0         84   noretval__2sprintf.o
       112         18          0          0        228        160   rand.o
        16          4          0          0          0         76   rt_ctype_table.o
         8          4          0          0          0         68   rt_locale_intlibspace.o
        68          0          0          0          0         68   rt_memclr.o
        78          0          0          0          0         80   rt_memclr_w.o
       100          0          0          0          0         80   rt_memcpy_w.o
         2          0          0          0          0          0   rtexit.o
        10          0          0          0          0          0   rtexit2.o
        44          8          0          0          0         84   scanf_char.o
       128          0          0          0          0         68   strcmpv7m.o
        62          0          0          0          0         76   strlen.o
        36          0          0          0          0         80   strstr.o
        12          4          0          0          0         68   sys_exit.o
        74          0          0          0          0         80   sys_stackheap_outer.o
         2          0          0          0          0         68   use_no_semi.o
        98          4          0          0          0         92   d2f.o
       340         12          0          0          0        104   dmul.o
       156          4          0          0          0         92   dnaninf.o
        12          0          0          0          0         68   dretinf.o
        86          4          0          0          0         84   f2d.o
       388         76          0          0          0         96   fdiv.o
        54          4          0          0          0         84   ffix.o
        62          4          0          0          0         84   ffixu.o
        38          0          0          0          0         68   fflt_clz.o
       258          4          0          0          0         84   fmul.o
       140          4          0          0          0         84   fnaninf.o
        10          0          0          0          0         68   fretinf.o
         0          0          0          0          0          0   usenofp.o

    ----------------------------------------------------------------------
      5542        242        304          0        368       3976   Library Totals
        26          0          3          0          0          0   (incl. Padding)

    ----------------------------------------------------------------------

      Code (inc. data)   RO Data    RW Data    ZI Data      Debug   Library Name

      3874        126        301          0        368       2968   c_w.l
      1642        116          0          0          0       1008   fz_ws.l

    ----------------------------------------------------------------------
      5542        242        304          0        368       3976   Library Totals

    ----------------------------------------------------------------------

==============================================================================


      Code (inc. data)   RO Data    RW Data    ZI Data      Debug   

     31164       3524       8372      13568       3896     618741   Grand Totals
     31164       3524       8372       1072       3896     618741   ELF Image Totals (compressed)
     31164       3524       8372       1072          0          0   ROM Totals

==============================================================================

    Total RO  Size (Code + RO Data)                39536 (  38.61kB)
    Total RW  Size (RW Data + ZI Data)             17464 (  17.05kB)
    Total ROM Size (Code + RO Data + RW Data)      40608 (  39.66kB)

==============================================================================

